Component: Arm Compiler for Embedded 6.21 Tool: armlink [5ec1fa00]

==============================================================================

Section Cross References

    startup_stm32f072xb.o(STACK) refers (Special) to heapauxi.o(.text) for __use_two_region_memory
    startup_stm32f072xb.o(HEAP) refers (Special) to heapauxi.o(.text) for __use_two_region_memory
    startup_stm32f072xb.o(RESET) refers (Special) to heapauxi.o(.text) for __use_two_region_memory
    startup_stm32f072xb.o(RESET) refers to startup_stm32f072xb.o(STACK) for __initial_sp
    startup_stm32f072xb.o(RESET) refers to startup_stm32f072xb.o(.text) for Reset_Handler
    startup_stm32f072xb.o(RESET) refers to stm32f0xx_it.o(.text.NMI_Handler) for NMI_Handler
    startup_stm32f072xb.o(RESET) refers to stm32f0xx_it.o(.text.HardFault_Handler) for HardFault_Handler
    startup_stm32f072xb.o(RESET) refers to stm32f0xx_it.o(.text.SVC_Handler) for SVC_Handler
    startup_stm32f072xb.o(RESET) refers to stm32f0xx_it.o(.text.PendSV_Handler) for PendSV_Handler
    startup_stm32f072xb.o(RESET) refers to stm32f0xx_it.o(.text.SysTick_Handler) for SysTick_Handler
    startup_stm32f072xb.o(RESET) refers to main.o(.text.EXTI4_15_IRQHandler) for EXTI4_15_IRQHandler
    startup_stm32f072xb.o(RESET) refers to main.o(.text.TIM2_IRQHandler) for TIM2_IRQHandler
    startup_stm32f072xb.o(.text) refers (Special) to heapauxi.o(.text) for __use_two_region_memory
    startup_stm32f072xb.o(.text) refers to system_stm32f0xx.o(.text.SystemInit) for SystemInit
    startup_stm32f072xb.o(.text) refers to __main.o(!!!main) for __main
    startup_stm32f072xb.o(.text) refers to startup_stm32f072xb.o(HEAP) for Heap_Mem
    startup_stm32f072xb.o(.text) refers to startup_stm32f072xb.o(STACK) for Stack_Mem
    main.o(.text.main) refers to stm32f0xx_hal.o(.text.HAL_Init) for HAL_Init
    main.o(.text.main) refers to rt_memclr.o(.text) for __aeabi_memclr4
    main.o(.text.main) refers to stm32f0xx_hal_rcc.o(.text.HAL_RCC_OscConfig) for HAL_RCC_OscConfig
    main.o(.text.main) refers to stm32f0xx_hal_rcc.o(.text.HAL_RCC_ClockConfig) for HAL_RCC_ClockConfig
    main.o(.text.main) refers to stm32f0xx_hal_rcc_ex.o(.text.HAL_RCCEx_PeriphCLKConfig) for HAL_RCCEx_PeriphCLKConfig
    main.o(.text.main) refers to stm32f0xx_hal_i2c.o(.text.HAL_I2C_Init) for HAL_I2C_Init
    main.o(.text.main) refers to stm32f0xx_hal_i2c_ex.o(.text.HAL_I2CEx_ConfigAnalogFilter) for HAL_I2CEx_ConfigAnalogFilter
    main.o(.text.main) refers to stm32f0xx_hal_i2c_ex.o(.text.HAL_I2CEx_ConfigDigitalFilter) for HAL_I2CEx_ConfigDigitalFilter
    main.o(.text.main) refers to ssd1306.o(.text.ssd1306_Init) for ssd1306_Init
    main.o(.text.main) refers to ssd1306.o(.text.ssd1306_Fill) for ssd1306_Fill
    main.o(.text.main) refers to ssd1306.o(.text.ssd1306_UpdateScreen) for ssd1306_UpdateScreen
    main.o(.text.main) refers to ssd1306.o(.text.ssd1306_SetCursor) for ssd1306_SetCursor
    main.o(.text.main) refers to ssd1306.o(.text.ssd1306_FillCircle) for ssd1306_FillCircle
    main.o(.text.main) refers to ssd1306.o(.text.ssd1306_DrawCircle) for ssd1306_DrawCircle
    main.o(.text.main) refers to ssd1306.o(.text.ssd1306_WriteString) for ssd1306_WriteString
    main.o(.text.main) refers to main.o(.bss..L_MergedGlobals) for [Anonymous Symbol]
    main.o(.text.main) refers to ssd1306_fonts.o(.data.Font_6x8) for Font_6x8
    main.o(.text.main) refers to main.o(.data.red) for red
    main.o(.ARM.exidx.text.main) refers to main.o(.text.main) for [Anonymous Symbol]
    main.o(.text.SystemClock_Config) refers to rt_memclr.o(.text) for __aeabi_memclr4
    main.o(.text.SystemClock_Config) refers to stm32f0xx_hal_rcc.o(.text.HAL_RCC_OscConfig) for HAL_RCC_OscConfig
    main.o(.text.SystemClock_Config) refers to stm32f0xx_hal_rcc.o(.text.HAL_RCC_ClockConfig) for HAL_RCC_ClockConfig
    main.o(.text.SystemClock_Config) refers to stm32f0xx_hal_rcc_ex.o(.text.HAL_RCCEx_PeriphCLKConfig) for HAL_RCCEx_PeriphCLKConfig
    main.o(.ARM.exidx.text.SystemClock_Config) refers to main.o(.text.SystemClock_Config) for [Anonymous Symbol]
    main.o(.ARM.exidx.text.Error_Handler) refers to main.o(.text.Error_Handler) for [Anonymous Symbol]
    main.o(.text.TIM2_IRQHandler) refers to main.o(.bss..L_MergedGlobals) for [Anonymous Symbol]
    main.o(.ARM.exidx.text.TIM2_IRQHandler) refers to main.o(.text.TIM2_IRQHandler) for [Anonymous Symbol]
    main.o(.text.EXTI4_15_IRQHandler) refers to main.o(.bss..L_MergedGlobals) for [Anonymous Symbol]
    main.o(.text.EXTI4_15_IRQHandler) refers to main.o(.data.red) for red
    main.o(.ARM.exidx.text.EXTI4_15_IRQHandler) refers to main.o(.text.EXTI4_15_IRQHandler) for [Anonymous Symbol]
    stm32f0xx_it.o(.ARM.exidx.text.NMI_Handler) refers to stm32f0xx_it.o(.text.NMI_Handler) for [Anonymous Symbol]
    stm32f0xx_it.o(.ARM.exidx.text.HardFault_Handler) refers to stm32f0xx_it.o(.text.HardFault_Handler) for [Anonymous Symbol]
[...]
    Removing stm32f0xx_hal_rcc.o(.ARM.exidx.text.HAL_RCC_NMI_IRQHandler), (8 bytes).
    Removing stm32f0xx_hal_rcc.o(.text.HAL_RCC_CSSCallback), (2 bytes).
    Removing stm32f0xx_hal_rcc.o(.ARM.exidx.text.HAL_RCC_CSSCallback), (8 bytes).
    Removing stm32f0xx_hal_rcc_ex.o(.text), (0 bytes).
    Removing stm32f0xx_hal_rcc_ex.o(.ARM.exidx.text.HAL_RCCEx_PeriphCLKConfig), (8 bytes).
    Removing stm32f0xx_hal_rcc_ex.o(.text.HAL_RCCEx_GetPeriphCLKConfig), (72 bytes).
    Removing stm32f0xx_hal_rcc_ex.o(.ARM.exidx.text.HAL_RCCEx_GetPeriphCLKConfig), (8 bytes).
    Removing stm32f0xx_hal_rcc_ex.o(.text.HAL_RCCEx_GetPeriphCLKFreq), (340 bytes).
    Removing stm32f0xx_hal_rcc_ex.o(.ARM.exidx.text.HAL_RCCEx_GetPeriphCLKFreq), (8 bytes).
    Removing stm32f0xx_hal_rcc_ex.o(.text.HAL_RCCEx_CRSConfig), (76 bytes).
    Removing stm32f0xx_hal_rcc_ex.o(.ARM.exidx.text.HAL_RCCEx_CRSConfig), (8 bytes).
    Removing stm32f0xx_hal_rcc_ex.o(.text.HAL_RCCEx_CRSSoftwareSynchronizationGenerate), (16 bytes).
    Removing stm32f0xx_hal_rcc_ex.o(.ARM.exidx.text.HAL_RCCEx_CRSSoftwareSynchronizationGenerate), (8 bytes).
    Removing stm32f0xx_hal_rcc_ex.o(.text.HAL_RCCEx_CRSGetSynchronizationInfo), (44 bytes).
    Removing stm32f0xx_hal_rcc_ex.o(.ARM.exidx.text.HAL_RCCEx_CRSGetSynchronizationInfo), (8 bytes).
    Removing stm32f0xx_hal_rcc_ex.o(.text.HAL_RCCEx_CRSWaitSynchronization), (160 bytes).
    Removing stm32f0xx_hal_rcc_ex.o(.ARM.exidx.text.HAL_RCCEx_CRSWaitSynchronization), (8 bytes).
    Removing stm32f0xx_hal_rcc_ex.o(.text.HAL_RCCEx_CRS_IRQHandler), (148 bytes).
    Removing stm32f0xx_hal_rcc_ex.o(.ARM.exidx.text.HAL_RCCEx_CRS_IRQHandler), (8 bytes).
    Removing stm32f0xx_hal_rcc_ex.o(.text.HAL_RCCEx_CRS_SyncOkCallback), (2 bytes).
    Removing stm32f0xx_hal_rcc_ex.o(.ARM.exidx.text.HAL_RCCEx_CRS_SyncOkCallback), (8 bytes).
    Removing stm32f0xx_hal_rcc_ex.o(.text.HAL_RCCEx_CRS_SyncWarnCallback), (2 bytes).
    Removing stm32f0xx_hal_rcc_ex.o(.ARM.exidx.text.HAL_RCCEx_CRS_SyncWarnCallback), (8 bytes).
    Removing stm32f0xx_hal_rcc_ex.o(.text.HAL_RCCEx_CRS_ExpectedSyncCallback), (2 bytes).
    Removing stm32f0xx_hal_rcc_ex.o(.ARM.exidx.text.HAL_RCCEx_CRS_ExpectedSyncCallback), (8 bytes).
    Removing stm32f0xx_hal_rcc_ex.o(.text.HAL_RCCEx_CRS_ErrorCallback), (2 bytes).
    Removing stm32f0xx_hal_rcc_ex.o(.ARM.exidx.text.HAL_RCCEx_CRS_ErrorCallback), (8 bytes).
    Removing stm32f0xx_hal.o(.text), (0 bytes).
    Removing stm32f0xx_hal.o(.ARM.exidx.text.HAL_Init), (8 bytes).
    Removing stm32f0xx_hal.o(.ARM.exidx.text.HAL_InitTick), (8 bytes).
    Removing stm32f0xx_hal.o(.text.HAL_MspInit), (2 bytes).
    Removing stm32f0xx_hal.o(.ARM.exidx.text.HAL_MspInit), (8 bytes).
    Removing stm32f0xx_hal.o(.text.HAL_DeInit), (32 bytes).
    Removing stm32f0xx_hal.o(.ARM.exidx.text.HAL_DeInit), (8 bytes).
    Removing stm32f0xx_hal.o(.text.HAL_MspDeInit), (2 bytes).
    Removing stm32f0xx_hal.o(.ARM.exidx.text.HAL_MspDeInit), (8 bytes).
    Removing stm32f0xx_hal.o(.ARM.exidx.text.HAL_IncTick), (8 bytes).
    Removing stm32f0xx_hal.o(.ARM.exidx.text.HAL_GetTick), (8 bytes).
    Removing stm32f0xx_hal.o(.text.HAL_GetTickPrio), (12 bytes).
    Removing stm32f0xx_hal.o(.ARM.exidx.text.HAL_GetTickPrio), (8 bytes).
    Removing stm32f0xx_hal.o(.text.HAL_SetTickFreq), (36 bytes).
    Removing stm32f0xx_hal.o(.ARM.exidx.text.HAL_SetTickFreq), (8 bytes).
    Removing stm32f0xx_hal.o(.text.HAL_GetTickFreq), (12 bytes).
    Removing stm32f0xx_hal.o(.ARM.exidx.text.HAL_GetTickFreq), (8 bytes).
    Removing stm32f0xx_hal.o(.ARM.exidx.text.HAL_Delay), (8 bytes).
    Removing stm32f0xx_hal.o(.text.HAL_SuspendTick), (16 bytes).
    Removing stm32f0xx_hal.o(.ARM.exidx.text.HAL_SuspendTick), (8 bytes).
    Removing stm32f0xx_hal.o(.text.HAL_ResumeTick), (16 bytes).
    Removing stm32f0xx_hal.o(.ARM.exidx.text.HAL_ResumeTick), (8 bytes).
    Removing stm32f0xx_hal.o(.text.HAL_GetHalVersion), (8 bytes).
    Removing stm32f0xx_hal.o(.ARM.exidx.text.HAL_GetHalVersion), (8 bytes).
    Removing stm32f0xx_hal.o(.text.HAL_GetREVID), (12 bytes).
    Removing stm32f0xx_hal.o(.ARM.exidx.text.HAL_GetREVID), (8 bytes).
    Removing stm32f0xx_hal.o(.text.HAL_GetDEVID), (20 bytes).
    Removing stm32f0xx_hal.o(.ARM.exidx.text.HAL_GetDEVID), (8 bytes).
    Removing stm32f0xx_hal.o(.text.HAL_GetUIDw0), (12 bytes).
    Removing stm32f0xx_hal.o(.ARM.exidx.text.HAL_GetUIDw0), (8 bytes).
    Removing stm32f0xx_hal.o(.text.HAL_GetUIDw1), (12 bytes).
    Removing stm32f0xx_hal.o(.ARM.exidx.text.HAL_GetUIDw1), (8 bytes).
    Removing stm32f0xx_hal.o(.text.HAL_GetUIDw2), (12 bytes).
    Removing stm32f0xx_hal.o(.ARM.exidx.text.HAL_GetUIDw2), (8 bytes).
    Removing stm32f0xx_hal.o(.text.HAL_DBGMCU_EnableDBGStopMode), (16 bytes).
    Removing stm32f0xx_hal.o(.ARM.exidx.text.HAL_DBGMCU_EnableDBGStopMode), (8 bytes).
    Removing stm32f0xx_hal.o(.text.HAL_DBGMCU_DisableDBGStopMode), (16 bytes).
    Removing stm32f0xx_hal.o(.ARM.exidx.text.HAL_DBGMCU_DisableDBGStopMode), (8 bytes).
    Removing stm32f0xx_hal.o(.text.HAL_DBGMCU_EnableDBGStandbyMode), (16 bytes).
    Removing stm32f0xx_hal.o(.ARM.exidx.text.HAL_DBGMCU_EnableDBGStandbyMode), (8 bytes).
    Removing stm32f0xx_hal.o(.text.HAL_DBGMCU_DisableDBGStandbyMode), (16 bytes).
    Removing stm32f0xx_hal.o(.ARM.exidx.text.HAL_DBGMCU_DisableDBGStandbyMode), (8 bytes).
    Removing stm32f0xx_hal_gpio.o(.text), (0 bytes).
    Removing stm32f0xx_hal_gpio.o(.ARM.exidx.text.HAL_GPIO_Init), (8 bytes).
    Removing stm32f0xx_hal_gpio.o(.text.HAL_GPIO_DeInit), (228 bytes).
    Removing stm32f0xx_hal_gpio.o(.ARM.exidx.text.HAL_GPIO_DeInit), (8 bytes).
    Removing stm32f0xx_hal_gpio.o(.text.HAL_GPIO_ReadPin), (10 bytes).
    Removing stm32f0xx_hal_gpio.o(.ARM.exidx.text.HAL_GPIO_ReadPin), (8 bytes).
    Removing stm32f0xx_hal_gpio.o(.text.HAL_GPIO_WritePin), (16 bytes).
    Removing stm32f0xx_hal_gpio.o(.ARM.exidx.text.HAL_GPIO_WritePin), (8 bytes).
    Removing stm32f0xx_hal_gpio.o(.text.HAL_GPIO_TogglePin), (16 bytes).
    Removing stm32f0xx_hal_gpio.o(.ARM.exidx.text.HAL_GPIO_TogglePin), (8 bytes).
    Removing stm32f0xx_hal_gpio.o(.text.HAL_GPIO_LockPin), (40 bytes).
    Removing stm32f0xx_hal_gpio.o(.ARM.exidx.text.HAL_GPIO_LockPin), (8 bytes).
    Removing stm32f0xx_hal_gpio.o(.text.HAL_GPIO_EXTI_IRQHandler), (24 bytes).
    Removing stm32f0xx_hal_gpio.o(.ARM.exidx.text.HAL_GPIO_EXTI_IRQHandler), (8 bytes).
    Removing stm32f0xx_hal_gpio.o(.text.HAL_GPIO_EXTI_Callback), (2 bytes).
    Removing stm32f0xx_hal_gpio.o(.ARM.exidx.text.HAL_GPIO_EXTI_Callback), (8 bytes).
    Removing stm32f0xx_hal_dma.o(.text), (0 bytes).
    Removing stm32f0xx_hal_dma.o(.text.HAL_DMA_Init), (124 bytes).
    Removing stm32f0xx_hal_dma.o(.ARM.exidx.text.HAL_DMA_Init), (8 bytes).
    Removing stm32f0xx_hal_dma.o(.text.HAL_DMA_DeInit), (92 bytes).
    Removing stm32f0xx_hal_dma.o(.ARM.exidx.text.HAL_DMA_DeInit), (8 bytes).
    Removing stm32f0xx_hal_dma.o(.text.HAL_DMA_Start), (104 bytes).
    Removing stm32f0xx_hal_dma.o(.ARM.exidx.text.HAL_DMA_Start), (8 bytes).
    Removing stm32f0xx_hal_dma.o(.text.HAL_DMA_Start_IT), (130 bytes).
    Removing stm32f0xx_hal_dma.o(.ARM.exidx.text.HAL_DMA_Start_IT), (8 bytes).
    Removing stm32f0xx_hal_dma.o(.text.HAL_DMA_Abort), (62 bytes).
    Removing stm32f0xx_hal_dma.o(.ARM.exidx.text.HAL_DMA_Abort), (8 bytes).
    Removing stm32f0xx_hal_dma.o(.text.HAL_DMA_Abort_IT), (66 bytes).
    Removing stm32f0xx_hal_dma.o(.ARM.exidx.text.HAL_DMA_Abort_IT), (8 bytes).
    Removing stm32f0xx_hal_dma.o(.text.HAL_DMA_PollForTransfer), (278 bytes).
    Removing stm32f0xx_hal_dma.o(.ARM.exidx.text.HAL_DMA_PollForTransfer), (8 bytes).
    Removing stm32f0xx_hal_dma.o(.text.HAL_DMA_IRQHandler), (212 bytes).
    Removing stm32f0xx_hal_dma.o(.ARM.exidx.text.HAL_DMA_IRQHandler), (8 bytes).
    Removing stm32f0xx_hal_dma.o(.text.HAL_DMA_RegisterCallback), (70 bytes).
    Removing stm32f0xx_hal_dma.o(.ARM.exidx.text.HAL_DMA_RegisterCallback), (8 bytes).
    Removing stm32f0xx_hal_dma.o(.text.HAL_DMA_UnRegisterCallback), (102 bytes).
    Removing stm32f0xx_hal_dma.o(.ARM.exidx.text.HAL_DMA_UnRegisterCallback), (8 bytes).
    Removing stm32f0xx_hal_dma.o(.text.HAL_DMA_GetState), (6 bytes).
    Removing stm32f0xx_hal_dma.o(.ARM.exidx.text.HAL_DMA_GetState), (8 bytes).
    Removing stm32f0xx_hal_dma.o(.text.HAL_DMA_GetError), (4 bytes).
    Removing stm32f0xx_hal_dma.o(.ARM.exidx.text.HAL_DMA_GetError), (8 bytes).
    Removing stm32f0xx_hal_cortex.o(.text), (0 bytes).
    Removing stm32f0xx_hal_cortex.o(.ARM.exidx.text.HAL_NVIC_SetPriority), (8 bytes).
    Removing stm32f0xx_hal_cortex.o(.text.HAL_NVIC_EnableIRQ), (24 bytes).
    Removing stm32f0xx_hal_cortex.o(.ARM.exidx.text.HAL_NVIC_EnableIRQ), (8 bytes).
    Removing stm32f0xx_hal_cortex.o(.text.HAL_NVIC_DisableIRQ), (32 bytes).
    Removing stm32f0xx_hal_cortex.o(.ARM.exidx.text.HAL_NVIC_DisableIRQ), (8 bytes).
    Removing stm32f0xx_hal_cortex.o(.text.HAL_NVIC_SystemReset), (32 bytes).
    Removing stm32f0xx_hal_cortex.o(.ARM.exidx.text.HAL_NVIC_SystemReset), (8 bytes).
    Removing stm32f0xx_hal_cortex.o(.ARM.exidx.text.HAL_SYSTICK_Config), (8 bytes).
    Removing stm32f0xx_hal_cortex.o(.text.HAL_NVIC_GetPriority), (48 bytes).
    Removing stm32f0xx_hal_cortex.o(.ARM.exidx.text.HAL_NVIC_GetPriority), (8 bytes).
    Removing stm32f0xx_hal_cortex.o(.text.HAL_NVIC_SetPendingIRQ), (24 bytes).
    Removing stm32f0xx_hal_cortex.o(.ARM.exidx.text.HAL_NVIC_SetPendingIRQ), (8 bytes).
    Removing stm32f0xx_hal_cortex.o(.text.HAL_NVIC_GetPendingIRQ), (28 bytes).
    Removing stm32f0xx_hal_cortex.o(.ARM.exidx.text.HAL_NVIC_GetPendingIRQ), (8 bytes).
    Removing stm32f0xx_hal_cortex.o(.text.HAL_NVIC_ClearPendingIRQ), (24 bytes).
    Removing stm32f0xx_hal_cortex.o(.ARM.exidx.text.HAL_NVIC_ClearPendingIRQ), (8 bytes).
    Removing stm32f0xx_hal_cortex.o(.text.HAL_SYSTICK_CLKSourceConfig), (28 bytes).
    Removing stm32f0xx_hal_cortex.o(.ARM.exidx.text.HAL_SYSTICK_CLKSourceConfig), (8 bytes).
    Removing stm32f0xx_hal_cortex.o(.text.HAL_SYSTICK_IRQHandler), (8 bytes).
    Removing stm32f0xx_hal_cortex.o(.ARM.exidx.text.HAL_SYSTICK_IRQHandler), (8 bytes).
    Removing stm32f0xx_hal_cortex.o(.text.HAL_SYSTICK_Callback), (2 bytes).
    Removing stm32f0xx_hal_cortex.o(.ARM.exidx.text.HAL_SYSTICK_Callback), (8 bytes).
    Removing stm32f0xx_hal_pwr.o(.text), (0 bytes).
    Removing stm32f0xx_hal_pwr.o(.text.HAL_PWR_DeInit), (24 bytes).
    Removing stm32f0xx_hal_pwr.o(.ARM.exidx.text.HAL_PWR_DeInit), (8 bytes).
    Removing stm32f0xx_hal_pwr.o(.text.HAL_PWR_EnableBkUpAccess), (20 bytes).
    Removing stm32f0xx_hal_pwr.o(.ARM.exidx.text.HAL_PWR_EnableBkUpAccess), (8 bytes).
    Removing stm32f0xx_hal_pwr.o(.text.HAL_PWR_DisableBkUpAccess), (20 bytes).
    Removing stm32f0xx_hal_pwr.o(.ARM.exidx.text.HAL_PWR_DisableBkUpAccess), (8 bytes).
    Removing stm32f0xx_hal_pwr.o(.text.HAL_PWR_EnableWakeUpPin), (16 bytes).
    Removing stm32f0xx_hal_pwr.o(.ARM.exidx.text.HAL_PWR_EnableWakeUpPin), (8 bytes).
    Removing stm32f0xx_hal_pwr.o(.text.HAL_PWR_DisableWakeUpPin), (16 bytes).
    Removing stm32f0xx_hal_pwr.o(.ARM.exidx.text.HAL_PWR_DisableWakeUpPin), (8 bytes).
    Removing stm32f0xx_hal_pwr.o(.text.HAL_PWR_EnterSLEEPMode), (32 bytes).
    Removing stm32f0xx_hal_pwr.o(.ARM.exidx.text.HAL_PWR_EnterSLEEPMode), (8 bytes).
    Removing stm32f0xx_hal_pwr.o(.text.HAL_PWR_EnterSTOPMode), (60 bytes).
    Removing stm32f0xx_hal_pwr.o(.ARM.exidx.text.HAL_PWR_EnterSTOPMode), (8 bytes).
    Removing stm32f0xx_hal_pwr.o(.text.HAL_PWR_EnterSTANDBYMode), (32 bytes).
    Removing stm32f0xx_hal_pwr.o(.ARM.exidx.text.HAL_PWR_EnterSTANDBYMode), (8 bytes).
    Removing stm32f0xx_hal_pwr.o(.text.HAL_PWR_EnableSleepOnExit), (16 bytes).
    Removing stm32f0xx_hal_pwr.o(.ARM.exidx.text.HAL_PWR_EnableSleepOnExit), (8 bytes).
    Removing stm32f0xx_hal_pwr.o(.text.HAL_PWR_DisableSleepOnExit), (16 bytes).
    Removing stm32f0xx_hal_pwr.o(.ARM.exidx.text.HAL_PWR_DisableSleepOnExit), (8 bytes).
    Removing stm32f0xx_hal_pwr.o(.text.HAL_PWR_EnableSEVOnPend), (16 bytes).
    Removing stm32f0xx_hal_pwr.o(.ARM.exidx.text.HAL_PWR_EnableSEVOnPend), (8 bytes).
    Removing stm32f0xx_hal_pwr.o(.text.HAL_PWR_DisableSEVOnPend), (16 bytes).
    Removing stm32f0xx_hal_pwr.o(.ARM.exidx.text.HAL_PWR_DisableSEVOnPend), (8 bytes).
    Removing stm32f0xx_hal_pwr_ex.o(.text), (0 bytes).
    Removing stm32f0xx_hal_pwr_ex.o(.text.HAL_PWR_ConfigPVD), (116 bytes).
    Removing stm32f0xx_hal_pwr_ex.o(.ARM.exidx.text.HAL_PWR_ConfigPVD), (8 bytes).
    Removing stm32f0xx_hal_pwr_ex.o(.text.HAL_PWR_EnablePVD), (16 bytes).
    Removing stm32f0xx_hal_pwr_ex.o(.ARM.exidx.text.HAL_PWR_EnablePVD), (8 bytes).
    Removing stm32f0xx_hal_pwr_ex.o(.text.HAL_PWR_DisablePVD), (16 bytes).
    Removing stm32f0xx_hal_pwr_ex.o(.ARM.exidx.text.HAL_PWR_DisablePVD), (8 bytes).
    Removing stm32f0xx_hal_pwr_ex.o(.text.HAL_PWR_PVD_IRQHandler), (28 bytes).
    Removing stm32f0xx_hal_pwr_ex.o(.ARM.exidx.text.HAL_PWR_PVD_IRQHandler), (8 bytes).
    Removing stm32f0xx_hal_pwr_ex.o(.text.HAL_PWR_PVDCallback), (2 bytes).
    Removing stm32f0xx_hal_pwr_ex.o(.ARM.exidx.text.HAL_PWR_PVDCallback), (8 bytes).
    Removing stm32f0xx_hal_pwr_ex.o(.text.HAL_PWREx_EnableVddio2Monitor), (24 bytes).
    Removing stm32f0xx_hal_pwr_ex.o(.ARM.exidx.text.HAL_PWREx_EnableVddio2Monitor), (8 bytes).
    Removing stm32f0xx_hal_pwr_ex.o(.text.HAL_PWREx_DisableVddio2Monitor), (32 bytes).
    Removing stm32f0xx_hal_pwr_ex.o(.ARM.exidx.text.HAL_PWREx_DisableVddio2Monitor), (8 bytes).
    Removing stm32f0xx_hal_pwr_ex.o(.text.HAL_PWREx_Vddio2Monitor_IRQHandler), (28 bytes).
    Removing stm32f0xx_hal_pwr_ex.o(.ARM.exidx.text.HAL_PWREx_Vddio2Monitor_IRQHandler), (8 bytes).
    Removing stm32f0xx_hal_pwr_ex.o(.text.HAL_PWREx_Vddio2MonitorCallback), (2 bytes).
    Removing stm32f0xx_hal_pwr_ex.o(.ARM.exidx.text.HAL_PWREx_Vddio2MonitorCallback), (8 bytes).
    Removing stm32f0xx_hal_flash.o(.text), (0 bytes).
    Removing stm32f0xx_hal_flash.o(.text.HAL_FLASH_Program), (340 bytes).
    Removing stm32f0xx_hal_flash.o(.ARM.exidx.text.HAL_FLASH_Program), (8 bytes).
    Removing stm32f0xx_hal_flash.o(.text.FLASH_WaitForLastOperation), (172 bytes).
    Removing stm32f0xx_hal_flash.o(.ARM.exidx.text.FLASH_WaitForLastOperation), (8 bytes).
    Removing stm32f0xx_hal_flash.o(.text.HAL_FLASH_Program_IT), (92 bytes).
    Removing stm32f0xx_hal_flash.o(.ARM.exidx.text.HAL_FLASH_Program_IT), (8 bytes).
    Removing stm32f0xx_hal_flash.o(.text.HAL_FLASH_IRQHandler), (348 bytes).
    Removing stm32f0xx_hal_flash.o(.ARM.exidx.text.HAL_FLASH_IRQHandler), (8 bytes).
    Removing stm32f0xx_hal_flash.o(.text.HAL_FLASH_OperationErrorCallback), (2 bytes).
    Removing stm32f0xx_hal_flash.o(.ARM.exidx.text.HAL_FLASH_OperationErrorCallback), (8 bytes).
    Removing stm32f0xx_hal_flash.o(.text.HAL_FLASH_EndOfOperationCallback), (2 bytes).
    Removing stm32f0xx_hal_flash.o(.ARM.exidx.text.HAL_FLASH_EndOfOperationCallback), (8 bytes).
    Removing stm32f0xx_hal_flash.o(.text.HAL_FLASH_Unlock), (40 bytes).
    Removing stm32f0xx_hal_flash.o(.ARM.exidx.text.HAL_FLASH_Unlock), (8 bytes).
    Removing stm32f0xx_hal_flash.o(.text.HAL_FLASH_Lock), (20 bytes).
    Removing stm32f0xx_hal_flash.o(.ARM.exidx.text.HAL_FLASH_Lock), (8 bytes).
    Removing stm32f0xx_hal_flash.o(.text.HAL_FLASH_OB_Unlock), (36 bytes).
    Removing stm32f0xx_hal_flash.o(.ARM.exidx.text.HAL_FLASH_OB_Unlock), (8 bytes).
    Removing stm32f0xx_hal_flash.o(.text.HAL_FLASH_OB_Lock), (20 bytes).
    Removing stm32f0xx_hal_flash.o(.ARM.exidx.text.HAL_FLASH_OB_Lock), (8 bytes).
    Removing stm32f0xx_hal_flash.o(.text.HAL_FLASH_OB_Launch), (152 bytes).
    Removing stm32f0xx_hal_flash.o(.ARM.exidx.text.HAL_FLASH_OB_Launch), (8 bytes).
    Removing stm32f0xx_hal_flash.o(.text.HAL_FLASH_GetError), (12 bytes).
    Removing stm32f0xx_hal_flash.o(.ARM.exidx.text.HAL_FLASH_GetError), (8 bytes).
    Removing stm32f0xx_hal_flash.o(.bss.pFlash), (32 bytes).
    Removing stm32f0xx_hal_flash_ex.o(.text), (0 bytes).
    Removing stm32f0xx_hal_flash_ex.o(.text.HAL_FLASHEx_Erase), (208 bytes).
    Removing stm32f0xx_hal_flash_ex.o(.ARM.exidx.text.HAL_FLASHEx_Erase), (8 bytes).
    Removing stm32f0xx_hal_flash_ex.o(.text.FLASH_PageErase), (36 bytes).
    Removing stm32f0xx_hal_flash_ex.o(.ARM.exidx.text.FLASH_PageErase), (8 bytes).
    Removing stm32f0xx_hal_flash_ex.o(.text.HAL_FLASHEx_Erase_IT), (112 bytes).
    Removing stm32f0xx_hal_flash_ex.o(.ARM.exidx.text.HAL_FLASHEx_Erase_IT), (8 bytes).
    Removing stm32f0xx_hal_flash_ex.o(.text.HAL_FLASHEx_OBErase), (184 bytes).
    Removing stm32f0xx_hal_flash_ex.o(.ARM.exidx.text.HAL_FLASHEx_OBErase), (8 bytes).
    Removing stm32f0xx_hal_flash_ex.o(.text.HAL_FLASHEx_OBProgram), (520 bytes).
    Removing stm32f0xx_hal_flash_ex.o(.ARM.exidx.text.HAL_FLASHEx_OBProgram), (8 bytes).
    Removing stm32f0xx_hal_flash_ex.o(.text.HAL_FLASHEx_OBGetConfig), (56 bytes).
    Removing stm32f0xx_hal_flash_ex.o(.ARM.exidx.text.HAL_FLASHEx_OBGetConfig), (8 bytes).
    Removing stm32f0xx_hal_flash_ex.o(.text.HAL_FLASHEx_OBGetUserData), (28 bytes).
    Removing stm32f0xx_hal_flash_ex.o(.ARM.exidx.text.HAL_FLASHEx_OBGetUserData), (8 bytes).
    Removing stm32f0xx_hal_exti.o(.text), (0 bytes).
    Removing stm32f0xx_hal_exti.o(.text.HAL_EXTI_SetConfigLine), (160 bytes).
    Removing stm32f0xx_hal_exti.o(.ARM.exidx.text.HAL_EXTI_SetConfigLine), (8 bytes).
    Removing stm32f0xx_hal_exti.o(.text.HAL_EXTI_GetConfigLine), (128 bytes).
    Removing stm32f0xx_hal_exti.o(.ARM.exidx.text.HAL_EXTI_GetConfigLine), (8 bytes).
    Removing stm32f0xx_hal_exti.o(.text.HAL_EXTI_ClearConfigLine), (96 bytes).
    Removing stm32f0xx_hal_exti.o(.ARM.exidx.text.HAL_EXTI_ClearConfigLine), (8 bytes).
    Removing stm32f0xx_hal_exti.o(.text.HAL_EXTI_RegisterCallback), (14 bytes).
    Removing stm32f0xx_hal_exti.o(.ARM.exidx.text.HAL_EXTI_RegisterCallback), (8 bytes).
    Removing stm32f0xx_hal_exti.o(.text.HAL_EXTI_GetHandle), (14 bytes).
    Removing stm32f0xx_hal_exti.o(.ARM.exidx.text.HAL_EXTI_GetHandle), (8 bytes).
    Removing stm32f0xx_hal_exti.o(.text.HAL_EXTI_IRQHandler), (36 bytes).
    Removing stm32f0xx_hal_exti.o(.ARM.exidx.text.HAL_EXTI_IRQHandler), (8 bytes).
    Removing stm32f0xx_hal_exti.o(.text.HAL_EXTI_GetPending), (24 bytes).
    Removing stm32f0xx_hal_exti.o(.ARM.exidx.text.HAL_EXTI_GetPending), (8 bytes).
    Removing stm32f0xx_hal_exti.o(.text.HAL_EXTI_ClearPending), (20 bytes).
    Removing stm32f0xx_hal_exti.o(.ARM.exidx.text.HAL_EXTI_ClearPending), (8 bytes).
    Removing stm32f0xx_hal_exti.o(.text.HAL_EXTI_GenerateSWI), (20 bytes).
    Removing stm32f0xx_hal_exti.o(.ARM.exidx.text.HAL_EXTI_GenerateSWI), (8 bytes).
    Removing stm32f0xx_hal_tim.o(.text), (0 bytes).
    Removing stm32f0xx_hal_tim_ex.o(.text), (0 bytes).
    Removing system_stm32f0xx.o(.text), (0 bytes).
    Removing system_stm32f0xx.o(.ARM.exidx.text.SystemInit), (8 bytes).
    Removing system_stm32f0xx.o(.text.SystemCoreClockUpdate), (96 bytes).
    Removing system_stm32f0xx.o(.ARM.exidx.text.SystemCoreClockUpdate), (8 bytes).
    Removing system_stm32f0xx.o(.rodata.APBPrescTable), (8 bytes).
    Removing ssd1306.o(.text), (0 bytes).
    Removing ssd1306.o(.text.ssd1306_Reset), (2 bytes).
    Removing ssd1306.o(.ARM.exidx.text.ssd1306_Reset), (8 bytes).
    Removing ssd1306.o(.text.ssd1306_WriteCommand), (36 bytes).
    Removing ssd1306.o(.ARM.exidx.text.ssd1306_WriteCommand), (8 bytes).
    Removing ssd1306.o(.text.ssd1306_WriteData), (36 bytes).
    Removing ssd1306.o(.ARM.exidx.text.ssd1306_WriteData), (8 bytes).
    Removing ssd1306.o(.text.ssd1306_FillBuffer), (28 bytes).
    Removing ssd1306.o(.ARM.exidx.text.ssd1306_FillBuffer), (8 bytes).
    Removing ssd1306.o(.ARM.exidx.text.ssd1306_Init), (8 bytes).
    Removing ssd1306.o(.text.ssd1306_SetDisplayOn), (84 bytes).
    Removing ssd1306.o(.ARM.exidx.text.ssd1306_SetDisplayOn), (8 bytes).
    Removing ssd1306.o(.text.ssd1306_SetContrast), (68 bytes).
    Removing ssd1306.o(.ARM.exidx.text.ssd1306_SetContrast), (8 bytes).
    Removing ssd1306.o(.ARM.exidx.text.ssd1306_Fill), (8 bytes).
    Removing ssd1306.o(.ARM.exidx.text.ssd1306_UpdateScreen), (8 bytes).
    Removing ssd1306.o(.text.ssd1306_DrawPixel), (56 bytes).
    Removing ssd1306.o(.ARM.exidx.text.ssd1306_DrawPixel), (8 bytes).
    Removing ssd1306.o(.ARM.exidx.text.ssd1306_WriteChar), (8 bytes).
    Removing ssd1306.o(.ARM.exidx.text.ssd1306_WriteString), (8 bytes).
    Removing ssd1306.o(.ARM.exidx.text.ssd1306_SetCursor), (8 bytes).
    Removing ssd1306.o(.text.ssd1306_Line), (456 bytes).
    Removing ssd1306.o(.ARM.exidx.text.ssd1306_Line), (8 bytes).
    Removing ssd1306.o(.text.ssd1306_Polyline), (44 bytes).
    Removing ssd1306.o(.ARM.exidx.text.ssd1306_Polyline), (8 bytes).
    Removing ssd1306.o(.text.ssd1306_DrawArc), (336 bytes).
    Removing ssd1306.o(.ARM.exidx.text.ssd1306_DrawArc), (8 bytes).
    Removing ssd1306.o(.text.ssd1306_DrawArcWithRadiusLine), (444 bytes).
    Removing ssd1306.o(.ARM.exidx.text.ssd1306_DrawArcWithRadiusLine), (8 bytes).
    Removing ssd1306.o(.ARM.exidx.text.ssd1306_DrawCircle), (8 bytes).
    Removing ssd1306.o(.ARM.exidx.text.ssd1306_FillCircle), (8 bytes).
    Removing ssd1306.o(.text.ssd1306_DrawRectangle), (72 bytes).
    Removing ssd1306.o(.ARM.exidx.text.ssd1306_DrawRectangle), (8 bytes).
    Removing ssd1306.o(.text.ssd1306_FillRectangle), (380 bytes).
    Removing ssd1306.o(.ARM.exidx.text.ssd1306_FillRectangle), (8 bytes).
    Removing ssd1306.o(.text.ssd1306_DrawBitmap), (1224 bytes).
    Removing ssd1306.o(.ARM.exidx.text.ssd1306_DrawBitmap), (8 bytes).
    Removing ssd1306.o(.text.ssd1306_GetDisplayOn), (12 bytes).
    Removing ssd1306.o(.ARM.exidx.text.ssd1306_GetDisplayOn), (8 bytes).
    Removing ssd1306_fonts.o(.text), (0 bytes).
    Removing ssd1306_fonts.o(.rodata.Font7x10), (1900 bytes).
    Removing ssd1306_fonts.o(.data.Font_7x10), (8 bytes).
    Removing ssd1306_fonts.o(.data.Font_11x18), (8 bytes).
    Removing ssd1306_fonts.o(.data.Font_16x26), (8 bytes).
    Removing ssd1306_fonts.o(.data.Font_16x24), (8 bytes).
    Removing ssd1306_fonts.o(.rodata.Font11x18), (3420 bytes).
    Removing ssd1306_fonts.o(.rodata.Font16x26), (4940 bytes).
    Removing ssd1306_fonts.o(.rodata.Font16x24), (4560 bytes).

491 unused section(s) (total 41150 bytes) removed from the image.

==============================================================================

Image Symbol Table

    Local Symbols

    Symbol Name                              Value     Ov Type        Size  Object(Section)

    ../clib/angel/boardlib.s                 0x00000000   Number         0  boardinit1.o ABSOLUTE
    ../clib/angel/boardlib.s                 0x00000000   Number         0  boardinit2.o ABSOLUTE
    ../clib/angel/boardlib.s                 0x00000000   Number         0  boardinit3.o ABSOLUTE
    ../clib/angel/boardlib.s                 0x00000000   Number         0  boardshut.o ABSOLUTE
    ../clib/angel/handlers.s                 0x00000000   Number         0  __scatter_copy.o ABSOLUTE
    ../clib/angel/handlers.s                 0x00000000   Number         0  __scatter_zi.o ABSOLUTE
    ../clib/angel/kernel.s                   0x00000000   Number         0  __rtentry.o ABSOLUTE
    ../clib/angel/kernel.s                   0x00000000   Number         0  __rtentry2.o ABSOLUTE
    ../clib/angel/kernel.s                   0x00000000   Number         0  __rtentry4.o ABSOLUTE
    ../clib/angel/kernel.s                   0x00000000   Number         0  rtexit.o ABSOLUTE
    ../clib/angel/kernel.s                   0x00000000   Number         0  rtexit2.o ABSOLUTE
    ../clib/angel/rt.s                       0x00000000   Number         0  aeabi_idiv0.o ABSOLUTE
    ../clib/angel/rt.s                       0x00000000   Number         0  aeabi_idiv0_sigfpe.o ABSOLUTE
    ../clib/angel/rt.s                       0x00000000   Number         0  rt_div0.o ABSOLUTE
    ../clib/angel/rt.s                       0x00000000   Number         0  rt_errno_addr.o ABSOLUTE
    ../clib/angel/rt.s                       0x00000000   Number         0  rt_errno_addr_intlibspace.o ABSOLUTE
    ../clib/angel/rt.s                       0x00000000   Number         0  rt_raise.o ABSOLUTE
    ../clib/angel/scatterp.s                 0x00000000   Number         0  __scatter.o ABSOLUTE
    ../clib/angel/startup.s                  0x00000000   Number         0  __main.o ABSOLUTE
    ../clib/angel/sys.s                      0x00000000   Number         0  libspace.o ABSOLUTE
    ../clib/angel/sys.s                      0x00000000   Number         0  sys_stackheap_outer.o ABSOLUTE
    ../clib/angel/sys.s                      0x00000000   Number         0  tempstk.o ABSOLUTE
    ../clib/angel/sys.s                      0x00000000   Number         0  use_no_semi.o ABSOLUTE
    ../clib/angel/sys.s                      0x00000000   Number         0  indicate_semi.o ABSOLUTE
    ../clib/angel/sysapp.c                   0x00000000   Number         0  sys_exit.o ABSOLUTE
    ../clib/angel/sysapp.c                   0x00000000   Number         0  sys_exit_hlt.o ABSOLUTE
    ../clib/angel/sysapp.c                   0x00000000   Number         0  sys_wrch.o ABSOLUTE
    ../clib/angel/sysapp.c                   0x00000000   Number         0  sys_wrch_hlt.o ABSOLUTE
    ../clib/angel/sysapp.c                   0x00000000   Number         0  sys_command.o ABSOLUTE
    ../clib/angel/sysapp.c                   0x00000000   Number         0  sys_command_hlt.o ABSOLUTE
    ../clib/armsys.c                         0x00000000   Number         0  argv_veneer.o ABSOLUTE
    ../clib/armsys.c                         0x00000000   Number         0  _get_argv_nomalloc.o ABSOLUTE
    ../clib/armsys.c                         0x00000000   Number         0  no_argv.o ABSOLUTE
    ../clib/division.s                       0x00000000   Number         0  aeabi_sdivfast.o ABSOLUTE
    ../clib/division.s                       0x00000000   Number         0  aeabi_sdivfast_div0.o ABSOLUTE
    ../clib/fenv.c                           0x00000000   Number         0  _rserrno.o ABSOLUTE
    ../clib/heapalloc.c                      0x00000000   Number         0  hrguard.o ABSOLUTE
    ../clib/heapaux.c                        0x00000000   Number         0  heapauxi.o ABSOLUTE
    ../clib/libinit.s                        0x00000000   Number         0  libinit.o ABSOLUTE
    ../clib/libinit.s                        0x00000000   Number         0  libinit2.o ABSOLUTE
    ../clib/libinit.s                        0x00000000   Number         0  libshutdown.o ABSOLUTE
    ../clib/libinit.s                        0x00000000   Number         0  libshutdown2.o ABSOLUTE
    ../clib/longlong.c                       0x00000000   Number         0  llushr.o ABSOLUTE
    ../clib/memcpset.c                       0x00000000   Number         0  rt_memcpy.o ABSOLUTE
    ../clib/memcpset.c                       0x00000000   Number         0  rt_memcpy.o ABSOLUTE
    ../clib/memcpset.c                       0x00000000   Number         0  aeabi_memset4.o ABSOLUTE
    ../clib/memcpset.c                       0x00000000   Number         0  rt_memclr.o ABSOLUTE
    ../clib/signal.c                         0x00000000   Number         0  defsig_fpe_outer.o ABSOLUTE
    ../clib/signal.c                         0x00000000   Number         0  defsig_fpe_formal.o ABSOLUTE
    ../clib/signal.c                         0x00000000   Number         0  defsig_exit.o ABSOLUTE
    ../clib/signal.c                         0x00000000   Number         0  defsig_fpe_inner.o ABSOLUTE
    ../clib/signal.c                         0x00000000   Number         0  __raise.o ABSOLUTE
    ../clib/signal.c                         0x00000000   Number         0  defsig_general.o ABSOLUTE
    ../clib/signal.c                         0x00000000   Number         0  defsig_abrt_inner.o ABSOLUTE
    ../clib/signal.c                         0x00000000   Number         0  defsig_rtred_inner.o ABSOLUTE
    ../clib/signal.c                         0x00000000   Number         0  defsig_rtmem_inner.o ABSOLUTE
    ../clib/signal.c                         0x00000000   Number         0  defsig_rtmem_outer.o ABSOLUTE
    ../clib/signal.c                         0x00000000   Number         0  defsig_rtmem_formal.o ABSOLUTE
    ../clib/signal.c                         0x00000000   Number         0  defsig_stak_inner.o ABSOLUTE
    ../clib/signal.c                         0x00000000   Number         0  defsig_pvfn_inner.o ABSOLUTE
    ../clib/signal.c                         0x00000000   Number         0  defsig_cppl_inner.o ABSOLUTE
    ../clib/signal.c                         0x00000000   Number         0  defsig_segv_inner.o ABSOLUTE
    ../clib/signal.c                         0x00000000   Number         0  defsig_other.o ABSOLUTE
    ../clib/signal.s                         0x00000000   Number         0  defsig.o ABSOLUTE
    ../clib/stdlib.c                         0x00000000   Number         0  exit.o ABSOLUTE
    ../fplib/cfplib/fdiv.c                   0x00000000   Number         0  fdiv.o ABSOLUTE
    ../fplib/cfplib/ffix.c                   0x00000000   Number         0  ffixi.o ABSOLUTE
    ../fplib/cfplib/fflt.c                   0x00000000   Number         0  fflti.o ABSOLUTE
    ../fplib/cfplib/fpinit.c                 0x00000000   Number         0  fpinit.o ABSOLUTE
    ../fplib/cfplib/frnd.c                   0x00000000   Number         0  frnd.o ABSOLUTE
    ../fplib/cfplib/scalbn.c                 0x00000000   Number         0  fscalbn.o ABSOLUTE
    ../fplib/faddsub6m.s                     0x00000000   Number         0  faddsub.o ABSOLUTE
    ../fplib/fmul6m.s                        0x00000000   Number         0  fmul.o ABSOLUTE
    ../fplib/usenofp.s                       0x00000000   Number         0  usenofp.o ABSOLUTE
    ../mathlib/cosf.c                        0x00000000   Number         0  cosf.o ABSOLUTE
    ../mathlib/fpclassifyf.c                 0x00000000   Number         0  fpclassifyf.o ABSOLUTE
    ../mathlib/funder.c                      0x00000000   Number         0  funder.o ABSOLUTE
    ../mathlib/rredf.c                       0x00000000   Number         0  rredf.o ABSOLUTE
    ../mathlib/sinf.c                        0x00000000   Number         0  sinf.o ABSOLUTE
    dc.s                                     0x00000000   Number         0  dc.o ABSOLUTE
    main.c                                   0x00000000   Number         0  main.o ABSOLUTE
    ssd1306.c                                0x00000000   Number         0  ssd1306.o ABSOLUTE
    ssd1306_fonts.c                          0x00000000   Number         0  ssd1306_fonts.o ABSOLUTE
    startup_stm32f072xb.s                    0x00000000   Number         0  startup_stm32f072xb.o ABSOLUTE
    stm32f0xx_hal.c                          0x00000000   Number         0  stm32f0xx_hal.o ABSOLUTE
    stm32f0xx_hal_cortex.c                   0x00000000   Number         0  stm32f0xx_hal_cortex.o ABSOLUTE
    stm32f0xx_hal_dma.c                      0x00000000   Number         0  stm32f0xx_hal_dma.o ABSOLUTE
    stm32f0xx_hal_exti.c                     0x00000000   Number         0  stm32f0xx_hal_exti.o ABSOLUTE
    stm32f0xx_hal_flash.c                    0x00000000   Number         0  stm32f0xx_hal_flash.o ABSOLUTE
    stm32f0xx_hal_flash_ex.c                 0x00000000   Number         0  stm32f0xx_hal_flash_ex.o ABSOLUTE
    stm32f0xx_hal_gpio.c                     0x00000000   Number         0  stm32f0xx_hal_gpio.o ABSOLUTE
    stm32f0xx_hal_i2c.c                      0x00000000   Number         0  stm32f0xx_hal_i2c.o ABSOLUTE
    stm32f0xx_hal_i2c_ex.c                   0x00000000   Number         0  stm32f0xx_hal_i2c_ex.o ABSOLUTE
    stm32f0xx_hal_msp.c                      0x00000000   Number         0  stm32f0xx_hal_msp.o ABSOLUTE
    stm32f0xx_hal_pwr.c                      0x00000000   Number         0  stm32f0xx_hal_pwr.o ABSOLUTE
    stm32f0xx_hal_pwr_ex.c                   0x00000000   Number         0  stm32f0xx_hal_pwr_ex.o ABSOLUTE
    stm32f0xx_hal_rcc.c                      0x00000000   Number         0  stm32f0xx_hal_rcc.o ABSOLUTE
    stm32f0xx_hal_rcc_ex.c                   0x00000000   Number         0  stm32f0xx_hal_rcc_ex.o ABSOLUTE
    stm32f0xx_hal_tim.c                      0x00000000   Number         0  stm32f0xx_hal_tim.o ABSOLUTE
    stm32f0xx_hal_tim_ex.c                   0x00000000   Number         0  stm32f0xx_hal_tim_ex.o ABSOLUTE
    stm32f0xx_it.c                           0x00000000   Number         0  stm32f0xx_it.o ABSOLUTE
    system_stm32f0xx.c                       0x00000000   Number         0  system_stm32f0xx.o ABSOLUTE
    RESET                                    0x08000000   Section      192  startup_stm32f072xb.o(RESET)
    !!!main                                  0x080000c0   Section        8  __main.o(!!!main)
    !!!scatter                               0x080000c8   Section       84  __scatter.o(!!!scatter)
    !!handler_copy                           0x0800011c   Section       26  __scatter_copy.o(!!handler_copy)
    !!handler_null                           0x08000138   Section        2  __scatter.o(!!handler_null)
    !!handler_zi                             0x0800013c   Section       28  __scatter_zi.o(!!handler_zi)
    .ARM.Collect$$libinit$$00000000          0x08000158   Section        2  libinit.o(.ARM.Collect$$libinit$$00000000)
    .ARM.Collect$$libinit$$00000002          0x0800015a   Section        0  libinit2.o(.ARM.Collect$$libinit$$00000002)
    .ARM.Collect$$libinit$$00000004          0x0800015a   Section        0  libinit2.o(.ARM.Collect$$libinit$$00000004)
    .ARM.Collect$$libinit$$00000006          0x0800015a   Section        0  libinit2.o(.ARM.Collect$$libinit$$00000006)
    .ARM.Collect$$libinit$$0000000C          0x0800015a   Section        0  libinit2.o(.ARM.Collect$$libinit$$0000000C)
    .ARM.Collect$$libinit$$0000000E          0x0800015a   Section        0  libinit2.o(.ARM.Collect$$libinit$$0000000E)
    .ARM.Collect$$libinit$$00000010          0x0800015a   Section        0  libinit2.o(.ARM.Collect$$libinit$$00000010)
    .ARM.Collect$$libinit$$00000013          0x0800015a   Section        0  libinit2.o(.ARM.Collect$$libinit$$00000013)
    .ARM.Collect$$libinit$$00000015          0x0800015a   Section        0  libinit2.o(.ARM.Collect$$libinit$$00000015)
    .ARM.Collect$$libinit$$00000017          0x0800015a   Section        0  libinit2.o(.ARM.Collect$$libinit$$00000017)
    .ARM.Collect$$libinit$$00000019          0x0800015a   Section        0  libinit2.o(.ARM.Collect$$libinit$$00000019)
    .ARM.Collect$$libinit$$0000001B          0x0800015a   Section        0  libinit2.o(.ARM.Collect$$libinit$$0000001B)
    .ARM.Collect$$libinit$$0000001D          0x0800015a   Section        0  libinit2.o(.ARM.Collect$$libinit$$0000001D)
    .ARM.Collect$$libinit$$0000001F          0x0800015a   Section        0  libinit2.o(.ARM.Collect$$libinit$$0000001F)
    .ARM.Collect$$libinit$$00000021          0x0800015a   Section        0  libinit2.o(.ARM.Collect$$libinit$$00000021)
    .ARM.Collect$$libinit$$00000023          0x0800015a   Section        0  libinit2.o(.ARM.Collect$$libinit$$00000023)
    .ARM.Collect$$libinit$$00000025          0x0800015a   Section        0  libinit2.o(.ARM.Collect$$libinit$$00000025)
    .ARM.Collect$$libinit$$00000027          0x0800015a   Section        0  libinit2.o(.ARM.Collect$$libinit$$00000027)
    .ARM.Collect$$libinit$$0000002E          0x0800015a   Section        0  libinit2.o(.ARM.Collect$$libinit$$0000002E)
    .ARM.Collect$$libinit$$00000030          0x0800015a   Section        0  libinit2.o(.ARM.Collect$$libinit$$00000030)
    .ARM.Collect$$libinit$$00000032          0x0800015a   Section        0  libinit2.o(.ARM.Collect$$libinit$$00000032)
    .ARM.Collect$$libinit$$00000034          0x0800015a   Section        0  libinit2.o(.ARM.Collect$$libinit$$00000034)
    .ARM.Collect$$libinit$$00000035          0x0800015a   Section        2  libinit2.o(.ARM.Collect$$libinit$$00000035)
    .ARM.Collect$$libshutdown$$00000000      0x0800015c   Section        2  libshutdown.o(.ARM.Collect$$libshutdown$$00000000)
    .ARM.Collect$$libshutdown$$00000002      0x0800015e   Section        0  libshutdown2.o(.ARM.Collect$$libshutdown$$00000002)
    .ARM.Collect$$libshutdown$$00000004      0x0800015e   Section        0  libshutdown2.o(.ARM.Collect$$libshutdown$$00000004)
    .ARM.Collect$$libshutdown$$00000007      0x0800015e   Section        0  libshutdown2.o(.ARM.Collect$$libshutdown$$00000007)
    .ARM.Collect$$libshutdown$$0000000A      0x0800015e   Section        0  libshutdown2.o(.ARM.Collect$$libshutdown$$0000000A)
    .ARM.Collect$$libshutdown$$0000000C      0x0800015e   Section        0  libshutdown2.o(.ARM.Collect$$libshutdown$$0000000C)
    .ARM.Collect$$libshutdown$$0000000F      0x0800015e   Section        0  libshutdown2.o(.ARM.Collect$$libshutdown$$0000000F)
    .ARM.Collect$$libshutdown$$00000010      0x0800015e   Section        2  libshutdown2.o(.ARM.Collect$$libshutdown$$00000010)
    .ARM.Collect$$rtentry$$00000000          0x08000160   Section        0  __rtentry.o(.ARM.Collect$$rtentry$$00000000)
    .ARM.Collect$$rtentry$$00000002          0x08000160   Section        0  __rtentry2.o(.ARM.Collect$$rtentry$$00000002)
    .ARM.Collect$$rtentry$$00000004          0x08000160   Section        6  __rtentry4.o(.ARM.Collect$$rtentry$$00000004)
    .ARM.Collect$$rtentry$$00000009          0x08000166   Section        0  __rtentry2.o(.ARM.Collect$$rtentry$$00000009)
    .ARM.Collect$$rtentry$$0000000A          0x08000166   Section        4  __rtentry2.o(.ARM.Collect$$rtentry$$0000000A)
    .ARM.Collect$$rtentry$$0000000C          0x0800016a   Section        0  __rtentry2.o(.ARM.Collect$$rtentry$$0000000C)
    .ARM.Collect$$rtentry$$0000000D          0x0800016a   Section        8  __rtentry2.o(.ARM.Collect$$rtentry$$0000000D)
    .ARM.Collect$$rtexit$$00000000           0x08000172   Section        2  rtexit.o(.ARM.Collect$$rtexit$$00000000)
    .ARM.Collect$$rtexit$$00000002           0x08000174   Section        0  rtexit2.o(.ARM.Collect$$rtexit$$00000002)
    .ARM.Collect$$rtexit$$00000003           0x08000174   Section        4  rtexit2.o(.ARM.Collect$$rtexit$$00000003)
    .ARM.Collect$$rtexit$$00000004           0x08000178   Section        6  rtexit2.o(.ARM.Collect$$rtexit$$00000004)
    .text                                    0x08000180   Section       56  startup_stm32f072xb.o(.text)
    .text                                    0x080001b8   Section        0  aeabi_memset4.o(.text)
    .text                                    0x080001ca   Section        0  rt_memclr.o(.text)
    .text                                    0x0800020a   Section        0  heapauxi.o(.text)
    .text                                    0x08000210   Section        8  libspace.o(.text)
    .text                                    0x08000218   Section       62  sys_stackheap_outer.o(.text)
    .text                                    0x08000256   Section        0  exit.o(.text)
    .text                                    0x08000268   Section        0  sys_exit.o(.text)
    .text                                    0x08000274   Section        2  use_no_semi.o(.text)
    .text                                    0x08000276   Section        0  indicate_semi.o(.text)
    [Anonymous Symbol]                       0x08000278   Section        0  main.o(.text.EXTI4_15_IRQHandler)
    __arm_cp.4_0                             0x0800029c   Number         4  main.o(.text.EXTI4_15_IRQHandler)
    __arm_cp.4_1                             0x080002a0   Number         4  main.o(.text.EXTI4_15_IRQHandler)
    __arm_cp.4_2                             0x080002a4   Number         4  main.o(.text.EXTI4_15_IRQHandler)
    __arm_cp.4_3                             0x080002a8   Number         4  main.o(.text.EXTI4_15_IRQHandler)
    [Anonymous Symbol]                       0x080002ac   Section        0  stm32f0xx_hal.o(.text.HAL_Delay)
    __arm_cp.10_0                            0x080002cc   Number         4  stm32f0xx_hal.o(.text.HAL_Delay)
    [Anonymous Symbol]                       0x080002d0   Section        0  stm32f0xx_hal_gpio.o(.text.HAL_GPIO_Init)
    __arm_cp.0_0                             0x08000450   Number         4  stm32f0xx_hal_gpio.o(.text.HAL_GPIO_Init)
    __arm_cp.0_1                             0x08000454   Number         4  stm32f0xx_hal_gpio.o(.text.HAL_GPIO_Init)
    __arm_cp.0_2                             0x08000458   Number         4  stm32f0xx_hal_gpio.o(.text.HAL_GPIO_Init)
    __arm_cp.0_3                             0x0800045c   Number         4  stm32f0xx_hal_gpio.o(.text.HAL_GPIO_Init)
    [Anonymous Symbol]                       0x08000460   Section        0  stm32f0xx_hal.o(.text.HAL_GetTick)
    [Anonymous Symbol]                       0x08000468   Section        0  stm32f0xx_hal_i2c_ex.o(.text.HAL_I2CEx_ConfigAnalogFilter)
    [Anonymous Symbol]                       0x080004aa   Section        0  stm32f0xx_hal_i2c_ex.o(.text.HAL_I2CEx_ConfigDigitalFilter)
    [Anonymous Symbol]                       0x080004ec   Section        0  stm32f0xx_hal_i2c.o(.text.HAL_I2C_Init)
    __arm_cp.0_0                             0x0800058c   Number         4  stm32f0xx_hal_i2c.o(.text.HAL_I2C_Init)
    __arm_cp.0_1                             0x08000590   Number         4  stm32f0xx_hal_i2c.o(.text.HAL_I2C_Init)
    [Anonymous Symbol]                       0x08000594   Section        0  stm32f0xx_hal_i2c.o(.text.HAL_I2C_Mem_Write)
    __arm_cp.30_0                            0x080007a0   Number         4  stm32f0xx_hal_i2c.o(.text.HAL_I2C_Mem_Write)
    __arm_cp.30_1                            0x080007a4   Number         4  stm32f0xx_hal_i2c.o(.text.HAL_I2C_Mem_Write)
    __arm_cp.30_2                            0x080007a8   Number         4  stm32f0xx_hal_i2c.o(.text.HAL_I2C_Mem_Write)
    __arm_cp.30_3                            0x080007ac   Number         4  stm32f0xx_hal_i2c.o(.text.HAL_I2C_Mem_Write)
    __arm_cp.30_4                            0x080007b0   Number         4  stm32f0xx_hal_i2c.o(.text.HAL_I2C_Mem_Write)
    __arm_cp.30_5                            0x080007b4   Number         4  stm32f0xx_hal_i2c.o(.text.HAL_I2C_Mem_Write)
    [Anonymous Symbol]                       0x080007b8   Section        0  stm32f0xx_hal_msp.o(.text.HAL_I2C_MspInit)
    __arm_cp.1_0                             0x0800080c   Number         4  stm32f0xx_hal_msp.o(.text.HAL_I2C_MspInit)
    __arm_cp.1_1                             0x08000810   Number         4  stm32f0xx_hal_msp.o(.text.HAL_I2C_MspInit)
    __arm_cp.1_2                             0x08000814   Number         4  stm32f0xx_hal_msp.o(.text.HAL_I2C_MspInit)
    [Anonymous Symbol]                       0x08000818   Section        0  stm32f0xx_hal.o(.text.HAL_IncTick)
    __arm_cp.5_1                             0x08000828   Number         4  stm32f0xx_hal.o(.text.HAL_IncTick)
    [Anonymous Symbol]                       0x0800082c   Section        0  stm32f0xx_hal.o(.text.HAL_Init)
    [Anonymous Symbol]                       0x08000848   Section        0  stm32f0xx_hal.o(.text.HAL_InitTick)
    __arm_cp.1_0                             0x08000884   Number         4  stm32f0xx_hal.o(.text.HAL_InitTick)
    [Anonymous Symbol]                       0x08000888   Section        0  stm32f0xx_hal_msp.o(.text.HAL_MspInit)
    __arm_cp.0_0                             0x080008b0   Number         4  stm32f0xx_hal_msp.o(.text.HAL_MspInit)
    [Anonymous Symbol]                       0x080008b4   Section        0  stm32f0xx_hal_cortex.o(.text.HAL_NVIC_SetPriority)
    __arm_cp.0_0                             0x080008e4   Number         4  stm32f0xx_hal_cortex.o(.text.HAL_NVIC_SetPriority)
    __arm_cp.0_1                             0x080008e8   Number         4  stm32f0xx_hal_cortex.o(.text.HAL_NVIC_SetPriority)
    [Anonymous Symbol]                       0x080008ec   Section        0  stm32f0xx_hal_rcc_ex.o(.text.HAL_RCCEx_PeriphCLKConfig)
    __arm_cp.0_0                             0x08000a28   Number         4  stm32f0xx_hal_rcc_ex.o(.text.HAL_RCCEx_PeriphCLKConfig)
    __arm_cp.0_1                             0x08000a2c   Number         4  stm32f0xx_hal_rcc_ex.o(.text.HAL_RCCEx_PeriphCLKConfig)
    __arm_cp.0_2                             0x08000a30   Number         4  stm32f0xx_hal_rcc_ex.o(.text.HAL_RCCEx_PeriphCLKConfig)
    [Anonymous Symbol]                       0x08000a34   Section        0  stm32f0xx_hal_rcc.o(.text.HAL_RCC_ClockConfig)
    __arm_cp.2_0                             0x08000b8c   Number         4  stm32f0xx_hal_rcc.o(.text.HAL_RCC_ClockConfig)
    __arm_cp.2_1                             0x08000b90   Number         4  stm32f0xx_hal_rcc.o(.text.HAL_RCC_ClockConfig)
    __arm_cp.2_2                             0x08000b94   Number         4  stm32f0xx_hal_rcc.o(.text.HAL_RCC_ClockConfig)
    __arm_cp.2_3                             0x08000b98   Number         4  stm32f0xx_hal_rcc.o(.text.HAL_RCC_ClockConfig)
    __arm_cp.2_4                             0x08000b9c   Number         4  stm32f0xx_hal_rcc.o(.text.HAL_RCC_ClockConfig)
    __arm_cp.2_5                             0x08000ba0   Number         4  stm32f0xx_hal_rcc.o(.text.HAL_RCC_ClockConfig)
    __arm_cp.2_6                             0x08000ba4   Number         4  stm32f0xx_hal_rcc.o(.text.HAL_RCC_ClockConfig)
    __arm_cp.2_7                             0x08000ba8   Number         4  stm32f0xx_hal_rcc.o(.text.HAL_RCC_ClockConfig)
    __arm_cp.2_8                             0x08000bac   Number         4  stm32f0xx_hal_rcc.o(.text.HAL_RCC_ClockConfig)
    [Anonymous Symbol]                       0x08000bb0   Section        0  stm32f0xx_hal_rcc.o(.text.HAL_RCC_OscConfig)
    __arm_cp.1_4                             0x08000fac   Number         4  stm32f0xx_hal_rcc.o(.text.HAL_RCC_OscConfig)
    __arm_cp.1_1                             0x08001050   Number         4  stm32f0xx_hal_rcc.o(.text.HAL_RCC_OscConfig)
    __arm_cp.1_2                             0x08001054   Number         4  stm32f0xx_hal_rcc.o(.text.HAL_RCC_OscConfig)
    [Anonymous Symbol]                       0x08001058   Section        0  stm32f0xx_hal_cortex.o(.text.HAL_SYSTICK_Config)
    __arm_cp.4_0                             0x08001080   Number         4  stm32f0xx_hal_cortex.o(.text.HAL_SYSTICK_Config)
    __arm_cp.4_1                             0x08001084   Number         4  stm32f0xx_hal_cortex.o(.text.HAL_SYSTICK_Config)
    __arm_cp.4_2                             0x08001088   Number         4  stm32f0xx_hal_cortex.o(.text.HAL_SYSTICK_Config)
    [Anonymous Symbol]                       0x0800108c   Section        0  stm32f0xx_it.o(.text.HardFault_Handler)
    I2C_IsErrorOccurred                      0x08001091   Thumb Code   380  stm32f0xx_hal_i2c.o(.text.I2C_IsErrorOccurred)
    [Anonymous Symbol]                       0x08001090   Section        0  stm32f0xx_hal_i2c.o(.text.I2C_IsErrorOccurred)
    __arm_cp.72_0                            0x0800120c   Number         4  stm32f0xx_hal_i2c.o(.text.I2C_IsErrorOccurred)
    I2C_WaitOnFlagUntilTimeout               0x08001211   Thumb Code   222  stm32f0xx_hal_i2c.o(.text.I2C_WaitOnFlagUntilTimeout)
    [Anonymous Symbol]                       0x08001210   Section        0  stm32f0xx_hal_i2c.o(.text.I2C_WaitOnFlagUntilTimeout)
    I2C_WaitOnSTOPFlagUntilTimeout           0x080012ef   Thumb Code   134  stm32f0xx_hal_i2c.o(.text.I2C_WaitOnSTOPFlagUntilTimeout)
    [Anonymous Symbol]                       0x080012ee   Section        0  stm32f0xx_hal_i2c.o(.text.I2C_WaitOnSTOPFlagUntilTimeout)
    I2C_WaitOnTXISFlagUntilTimeout           0x08001375   Thumb Code   166  stm32f0xx_hal_i2c.o(.text.I2C_WaitOnTXISFlagUntilTimeout)
    [Anonymous Symbol]                       0x08001374   Section        0  stm32f0xx_hal_i2c.o(.text.I2C_WaitOnTXISFlagUntilTimeout)
    [Anonymous Symbol]                       0x0800141a   Section        0  stm32f0xx_it.o(.text.NMI_Handler)
    [Anonymous Symbol]                       0x0800141c   Section        0  stm32f0xx_it.o(.text.PendSV_Handler)
    [Anonymous Symbol]                       0x0800141e   Section        0  stm32f0xx_it.o(.text.SVC_Handler)
    [Anonymous Symbol]                       0x08001420   Section        0  stm32f0xx_it.o(.text.SysTick_Handler)
    [Anonymous Symbol]                       0x08001428   Section        0  system_stm32f0xx.o(.text.SystemInit)
    [Anonymous Symbol]                       0x0800142c   Section        0  main.o(.text.TIM2_IRQHandler)
    __arm_cp.3_0                             0x08001450   Number         4  main.o(.text.TIM2_IRQHandler)
    __arm_cp.3_2                             0x08001454   Number         4  main.o(.text.TIM2_IRQHandler)
    [Anonymous Symbol]                       0x08001458   Section        0  main.o(.text.main)
    __arm_cp.0_0                             0x08001804   Number         4  main.o(.text.main)
    __arm_cp.0_1                             0x08001808   Number         4  main.o(.text.main)
    __arm_cp.0_2                             0x0800180c   Number         4  main.o(.text.main)
    __arm_cp.0_3                             0x08001810   Number         4  main.o(.text.main)
    __arm_cp.0_4                             0x08001814   Number         4  main.o(.text.main)
    __arm_cp.0_5                             0x08001818   Number         4  main.o(.text.main)
    __arm_cp.0_6                             0x0800181c   Number         4  main.o(.text.main)
    __arm_cp.0_7                             0x08001820   Number         4  main.o(.text.main)
    __arm_cp.0_8                             0x08001824   Number         4  main.o(.text.main)
    __arm_cp.0_9                             0x08001828   Number         4  main.o(.text.main)
    __arm_cp.0_10                            0x0800182c   Number         4  main.o(.text.main)
    __arm_cp.0_11                            0x08001830   Number         4  main.o(.text.main)
    __arm_cp.0_12                            0x08001834   Number         4  main.o(.text.main)
    __arm_cp.0_13                            0x08001838   Number         4  main.o(.text.main)
    __arm_cp.0_14                            0x0800183c   Number         4  main.o(.text.main)
    __arm_cp.0_15                            0x08001840   Number         4  main.o(.text.main)
    __arm_cp.0_16                            0x08001844   Number         4  main.o(.text.main)
    __arm_cp.0_17                            0x08001848   Number         4  main.o(.text.main)
    __arm_cp.0_18                            0x0800184c   Number         4  main.o(.text.main)
    __arm_cp.0_19                            0x08001850   Number         4  main.o(.text.main)
    __arm_cp.0_20                            0x08001854   Number         4  main.o(.text.main)
    __arm_cp.0_21                            0x08001858   Number         4  main.o(.text.main)
    __arm_cp.0_22                            0x0800185c   Number         4  main.o(.text.main)
    __arm_cp.0_23                            0x08001860   Number         4  main.o(.text.main)
    __arm_cp.0_24                            0x08001864   Number         4  main.o(.text.main)
    __arm_cp.0_25                            0x08001868   Number         4  main.o(.text.main)
    __arm_cp.0_26                            0x0800186c   Number         4  main.o(.text.main)
    __arm_cp.0_27                            0x08001870   Number         4  main.o(.text.main)
    __arm_cp.0_28                            0x08001874   Number         4  main.o(.text.main)
    __arm_cp.0_29                            0x08001878   Number         4  main.o(.text.main)
    __arm_cp.0_30                            0x0800187c   Number         4  main.o(.text.main)
    __arm_cp.0_31                            0x08001880   Number         4  main.o(.text.main)
    __arm_cp.0_32                            0x08001884   Number         4  main.o(.text.main)
    [Anonymous Symbol]                       0x08001888   Section        0  ssd1306.o(.text.ssd1306_DrawCircle)
    [Anonymous Symbol]                       0x08001a88   Section        0  ssd1306.o(.text.ssd1306_Fill)
    [Anonymous Symbol]                       0x08001aa0   Section        0  ssd1306.o(.text.ssd1306_FillCircle)
    __arm_cp.18_0                            0x08001cc8   Number         4  ssd1306.o(.text.ssd1306_FillCircle)
    [Anonymous Symbol]                       0x08001ccc   Section        0  ssd1306.o(.text.ssd1306_Init)
    __arm_cp.4_1                             0x08001f60   Number         4  ssd1306.o(.text.ssd1306_Init)
    __arm_cp.4_2                             0x08001f64   Number         4  ssd1306.o(.text.ssd1306_Init)
    [Anonymous Symbol]                       0x08001f68   Section        0  ssd1306.o(.text.ssd1306_SetCursor)
    __arm_cp.12_0                            0x08001f70   Number         4  ssd1306.o(.text.ssd1306_SetCursor)
    [Anonymous Symbol]                       0x08001f74   Section        0  ssd1306.o(.text.ssd1306_UpdateScreen)
    __arm_cp.8_0                             0x080020f4   Number         4  ssd1306.o(.text.ssd1306_UpdateScreen)
    __arm_cp.8_1                             0x080020f8   Number         4  ssd1306.o(.text.ssd1306_UpdateScreen)
    [Anonymous Symbol]                       0x080020fc   Section        0  ssd1306.o(.text.ssd1306_WriteChar)
    __arm_cp.10_0                            0x080023d4   Number         4  ssd1306.o(.text.ssd1306_WriteChar)
    __arm_cp.10_1                            0x080023d8   Number         4  ssd1306.o(.text.ssd1306_WriteChar)
    [Anonymous Symbol]                       0x080023dc   Section        0  ssd1306.o(.text.ssd1306_WriteString)
    .text_divfast                            0x0800241a   Section      502  aeabi_sdivfast.o(.text_divfast)
    Font6x8                                  0x08002620   Data        1520  ssd1306_fonts.o(.rodata.Font6x8)
    [Anonymous Symbol]                       0x08002620   Section        0  ssd1306_fonts.o(.rodata.Font6x8)
    HAL_RCC_GetSysClockFreq.aPLLMULFactorTable 0x08002c10   Data          16  stm32f0xx_hal_rcc.o(.rodata.cst16)
    [Anonymous Symbol]                       0x08002c10   Section        0  stm32f0xx_hal_rcc.o(.rodata.cst16)
    HAL_RCC_GetSysClockFreq.aPredivFactorTable 0x08002c20   Data          16  stm32f0xx_hal_rcc.o(.rodata.cst16)
    [Anonymous Symbol]                       0x20000000   Section        0  stm32f0xx_hal.o(.data..L_MergedGlobals)
    .bss                                     0x20000018   Section       96  libspace.o(.bss)
    [Anonymous Symbol]                       0x20000078   Section        0  main.o(.bss..L_MergedGlobals)
    SSD1306.3                                0x200000dc   Data           1  ssd1306.o(.bss..L_MergedGlobals)
    [Anonymous Symbol]                       0x200000dc   Section        0  ssd1306.o(.bss..L_MergedGlobals)
    SSD1306.0                                0x200000de   Data           2  ssd1306.o(.bss..L_MergedGlobals)
    SSD1306.1                                0x200000e0   Data           2  ssd1306.o(.bss..L_MergedGlobals)
    SSD1306_Buffer                           0x200000e4   Data         512  ssd1306.o(.bss.SSD1306_Buffer)
    [Anonymous Symbol]                       0x200000e4   Section        0  ssd1306.o(.bss.SSD1306_Buffer)
    Heap_Mem                                 0x200002e8   Data         512  startup_stm32f072xb.o(HEAP)
    HEAP                                     0x200002e8   Section      512  startup_stm32f072xb.o(HEAP)
    Stack_Mem                                0x200004e8   Data        1024  startup_stm32f072xb.o(STACK)
    STACK                                    0x200004e8   Section     1024  startup_stm32f072xb.o(STACK)
    __initial_sp                             0x200008e8   Data           0  startup_stm32f072xb.o(STACK)

    Global Symbols

    Symbol Name                              Value     Ov Type        Size  Object(Section)

    BuildAttributes$$THM_ISAv3M$S$PE$A:L22$X:L11$S22$IEEE1$IW$~IW$USESV6$~STKCKD$USESV7$~SHL$OTIME$ROPI$IEEEX$EBA8$UX$STANDARDLIB$REQ8$PRES8$EABIv2 0x00000000   Number         0  anon$$obj.o ABSOLUTE
    __ARM_exceptions_init                     - Undefined Weak Reference
    __alloca_initialize                       - Undefined Weak Reference
    __arm_preinit_                            - Undefined Weak Reference
    __arm_relocate_pie_                       - Undefined Weak Reference
    __cpp_initialize__aeabi_                  - Undefined Weak Reference
    __cxa_finalize                            - Undefined Weak Reference
    __rt_locale                               - Undefined Weak Reference
    __sigvec_lookup                           - Undefined Weak Reference
    _atexit_init                              - Undefined Weak Reference
    _call_atexit_fns                          - Undefined Weak Reference
    _clock_init                               - Undefined Weak Reference
    _fp_trap_init                             - Undefined Weak Reference
    _fp_trap_shutdown                         - Undefined Weak Reference
    _get_lc_collate                           - Undefined Weak Reference
    _get_lc_ctype                             - Undefined Weak Reference
    _get_lc_monetary                          - Undefined Weak Reference
    _get_lc_numeric                           - Undefined Weak Reference
    _get_lc_time                              - Undefined Weak Reference
    _getenv_init                              - Undefined Weak Reference
    _handle_redirection                       - Undefined Weak Reference
    _init_alloc                               - Undefined Weak Reference
    _init_user_alloc                          - Undefined Weak Reference
    _initio                                   - Undefined Weak Reference
    _rand_init                                - Undefined Weak Reference
    _signal_finish                            - Undefined Weak Reference
    _signal_init                              - Undefined Weak Reference
    _terminate_alloc                          - Undefined Weak Reference
    _terminate_user_alloc                     - Undefined Weak Reference
    _terminateio                              - Undefined Weak Reference
    __Vectors_Size                           0x000000c0   Number         0  startup_stm32f072xb.o ABSOLUTE
    __Vectors                                0x08000000   Data           4  startup_stm32f072xb.o(RESET)
    __Vectors_End                            0x080000c0   Data           0  startup_stm32f072xb.o(RESET)
    __main                                   0x080000c1   Thumb Code     8  __main.o(!!!main)
    __scatterload                            0x080000c9   Thumb Code     0  __scatter.o(!!!scatter)
    __scatterload_rt2                        0x080000c9   Thumb Code    74  __scatter.o(!!!scatter)
    __scatterload_rt2_thumb_only             0x080000c9   Thumb Code     0  __scatter.o(!!!scatter)
    __scatterload_loop                       0x080000d3   Thumb Code     0  __scatter.o(!!!scatter)
    __scatterload_copy                       0x0800011d   Thumb Code    26  __scatter_copy.o(!!handler_copy)
    __scatterload_null                       0x08000139   Thumb Code     2  __scatter.o(!!handler_null)
    __scatterload_zeroinit                   0x0800013d   Thumb Code    28  __scatter_zi.o(!!handler_zi)
    __rt_lib_init                            0x08000159   Thumb Code     0  libinit.o(.ARM.Collect$$libinit$$00000000)
    __rt_lib_init_alloca_1                   0x0800015b   Thumb Code     0  libinit2.o(.ARM.Collect$$libinit$$00000030)
    __rt_lib_init_argv_1                     0x0800015b   Thumb Code     0  libinit2.o(.ARM.Collect$$libinit$$0000002E)
    __rt_lib_init_atexit_1                   0x0800015b   Thumb Code     0  libinit2.o(.ARM.Collect$$libinit$$0000001D)
    __rt_lib_init_clock_1                    0x0800015b   Thumb Code     0  libinit2.o(.ARM.Collect$$libinit$$00000023)
    __rt_lib_init_cpp_1                      0x0800015b   Thumb Code     0  libinit2.o(.ARM.Collect$$libinit$$00000034)
    __rt_lib_init_exceptions_1               0x0800015b   Thumb Code     0  libinit2.o(.ARM.Collect$$libinit$$00000032)
    __rt_lib_init_fp_1                       0x0800015b   Thumb Code     0  libinit2.o(.ARM.Collect$$libinit$$00000002)
    __rt_lib_init_fp_trap_1                  0x0800015b   Thumb Code     0  libinit2.o(.ARM.Collect$$libinit$$00000021)
    __rt_lib_init_getenv_1                   0x0800015b   Thumb Code     0  libinit2.o(.ARM.Collect$$libinit$$00000025)
    __rt_lib_init_heap_1                     0x0800015b   Thumb Code     0  libinit2.o(.ARM.Collect$$libinit$$0000000C)
    __rt_lib_init_lc_collate_1               0x0800015b   Thumb Code     0  libinit2.o(.ARM.Collect$$libinit$$00000013)
    __rt_lib_init_lc_ctype_1                 0x0800015b   Thumb Code     0  libinit2.o(.ARM.Collect$$libinit$$00000015)
    __rt_lib_init_lc_monetary_1              0x0800015b   Thumb Code     0  libinit2.o(.ARM.Collect$$libinit$$00000017)
    __rt_lib_init_lc_numeric_1               0x0800015b   Thumb Code     0  libinit2.o(.ARM.Collect$$libinit$$00000019)
    __rt_lib_init_lc_time_1                  0x0800015b   Thumb Code     0  libinit2.o(.ARM.Collect$$libinit$$0000001B)
    __rt_lib_init_preinit_1                  0x0800015b   Thumb Code     0  libinit2.o(.ARM.Collect$$libinit$$00000006)
    __rt_lib_init_rand_1                     0x0800015b   Thumb Code     0  libinit2.o(.ARM.Collect$$libinit$$00000010)
    __rt_lib_init_relocate_pie_1             0x0800015b   Thumb Code     0  libinit2.o(.ARM.Collect$$libinit$$00000004)
    __rt_lib_init_return                     0x0800015b   Thumb Code     0  libinit2.o(.ARM.Collect$$libinit$$00000035)
    __rt_lib_init_signal_1                   0x0800015b   Thumb Code     0  libinit2.o(.ARM.Collect$$libinit$$0000001F)
    __rt_lib_init_stdio_1                    0x0800015b   Thumb Code     0  libinit2.o(.ARM.Collect$$libinit$$00000027)
    __rt_lib_init_user_alloc_1               0x0800015b   Thumb Code     0  libinit2.o(.ARM.Collect$$libinit$$0000000E)
    __rt_lib_shutdown                        0x0800015d   Thumb Code     0  libshutdown.o(.ARM.Collect$$libshutdown$$00000000)
    __rt_lib_shutdown_cpp_1                  0x0800015f   Thumb Code     0  libshutdown2.o(.ARM.Collect$$libshutdown$$00000002)
    __rt_lib_shutdown_fp_trap_1              0x0800015f   Thumb Code     0  libshutdown2.o(.ARM.Collect$$libshutdown$$00000007)
    __rt_lib_shutdown_heap_1                 0x0800015f   Thumb Code     0  libshutdown2.o(.ARM.Collect$$libshutdown$$0000000F)
    __rt_lib_shutdown_return                 0x0800015f   Thumb Code     0  libshutdown2.o(.ARM.Collect$$libshutdown$$00000010)
    __rt_lib_shutdown_signal_1               0x0800015f   Thumb Code     0  libshutdown2.o(.ARM.Collect$$libshutdown$$0000000A)
    __rt_lib_shutdown_stdio_1                0x0800015f   Thumb Code     0  libshutdown2.o(.ARM.Collect$$libshutdown$$00000004)
    __rt_lib_shutdown_user_alloc_1           0x0800015f   Thumb Code     0  libshutdown2.o(.ARM.Collect$$libshutdown$$0000000C)
    __rt_entry                               0x08000161   Thumb Code     0  __rtentry.o(.ARM.Collect$$rtentry$$00000000)
    __rt_entry_presh_1                       0x08000161   Thumb Code     0  __rtentry2.o(.ARM.Collect$$rtentry$$00000002)
    __rt_entry_sh                            0x08000161   Thumb Code     0  __rtentry4.o(.ARM.Collect$$rtentry$$00000004)
    __rt_entry_li                            0x08000167   Thumb Code     0  __rtentry2.o(.ARM.Collect$$rtentry$$0000000A)
    __rt_entry_postsh_1                      0x08000167   Thumb Code     0  __rtentry2.o(.ARM.Collect$$rtentry$$00000009)
    __rt_entry_main                          0x0800016b   Thumb Code     0  __rtentry2.o(.ARM.Collect$$rtentry$$0000000D)
    __rt_entry_postli_1                      0x0800016b   Thumb Code     0  __rtentry2.o(.ARM.Collect$$rtentry$$0000000C)
    __rt_exit                                0x08000173   Thumb Code     0  rtexit.o(.ARM.Collect$$rtexit$$00000000)
    __rt_exit_ls                             0x08000175   Thumb Code     0  rtexit2.o(.ARM.Collect$$rtexit$$00000003)
    __rt_exit_prels_1                        0x08000175   Thumb Code     0  rtexit2.o(.ARM.Collect$$rtexit$$00000002)
    __rt_exit_exit                           0x08000179   Thumb Code     0  rtexit2.o(.ARM.Collect$$rtexit$$00000004)
    Reset_Handler                            0x08000181   Thumb Code     8  startup_stm32f072xb.o(.text)
    ADC1_COMP_IRQHandler                     0x08000193   Thumb Code     0  startup_stm32f072xb.o(.text)
    CEC_CAN_IRQHandler                       0x08000193   Thumb Code     0  startup_stm32f072xb.o(.text)
    DMA1_Channel1_IRQHandler                 0x08000193   Thumb Code     0  startup_stm32f072xb.o(.text)
    DMA1_Channel2_3_IRQHandler               0x08000193   Thumb Code     0  startup_stm32f072xb.o(.text)
    DMA1_Channel4_5_6_7_IRQHandler           0x08000193   Thumb Code     0  startup_stm32f072xb.o(.text)
    EXTI0_1_IRQHandler                       0x08000193   Thumb Code     0  startup_stm32f072xb.o(.text)
    EXTI2_3_IRQHandler                       0x08000193   Thumb Code     0  startup_stm32f072xb.o(.text)
    FLASH_IRQHandler                         0x08000193   Thumb Code     0  startup_stm32f072xb.o(.text)
    I2C1_IRQHandler                          0x08000193   Thumb Code     0  startup_stm32f072xb.o(.text)
    I2C2_IRQHandler                          0x08000193   Thumb Code     0  startup_stm32f072xb.o(.text)
    PVD_VDDIO2_IRQHandler                    0x08000193   Thumb Code     0  startup_stm32f072xb.o(.text)
    RCC_CRS_IRQHandler                       0x08000193   Thumb Code     0  startup_stm32f072xb.o(.text)
    RTC_IRQHandler                           0x08000193   Thumb Code     0  startup_stm32f072xb.o(.text)
    SPI1_IRQHandler                          0x08000193   Thumb Code     0  startup_stm32f072xb.o(.text)
    SPI2_IRQHandler                          0x08000193   Thumb Code     0  startup_stm32f072xb.o(.text)
    TIM14_IRQHandler                         0x08000193   Thumb Code     0  startup_stm32f072xb.o(.text)
    TIM15_IRQHandler                         0x08000193   Thumb Code     0  startup_stm32f072xb.o(.text)
    TIM16_IRQHandler                         0x08000193   Thumb Code     0  startup_stm32f072xb.o(.text)
    TIM17_IRQHandler                         0x08000193   Thumb Code     0  startup_stm32f072xb.o(.text)
    TIM1_BRK_UP_TRG_COM_IRQHandler           0x08000193   Thumb Code     0  startup_stm32f072xb.o(.text)
    TIM1_CC_IRQHandler                       0x08000193   Thumb Code     0  startup_stm32f072xb.o(.text)
    TIM3_IRQHandler                          0x08000193   Thumb Code     0  startup_stm32f072xb.o(.text)
    TIM6_DAC_IRQHandler                      0x08000193   Thumb Code     0  startup_stm32f072xb.o(.text)
    TIM7_IRQHandler                          0x08000193   Thumb Code     0  startup_stm32f072xb.o(.text)
    TSC_IRQHandler                           0x08000193   Thumb Code     0  startup_stm32f072xb.o(.text)
    USART1_IRQHandler                        0x08000193   Thumb Code     0  startup_stm32f072xb.o(.text)
    USART2_IRQHandler                        0x08000193   Thumb Code     0  startup_stm32f072xb.o(.text)
    USART3_4_IRQHandler                      0x08000193   Thumb Code     0  startup_stm32f072xb.o(.text)
    USB_IRQHandler                           0x08000193   Thumb Code     0  startup_stm32f072xb.o(.text)
    WWDG_IRQHandler                          0x08000193   Thumb Code     0  startup_stm32f072xb.o(.text)
    __user_initial_stackheap                 0x08000195   Thumb Code     0  startup_stm32f072xb.o(.text)
    __aeabi_memset4                          0x080001b9   Thumb Code    18  aeabi_memset4.o(.text)
    __aeabi_memset8                          0x080001b9   Thumb Code     0  aeabi_memset4.o(.text)
    _memset_w                                0x080001cb   Thumb Code    26  rt_memclr.o(.text)
    _memset                                  0x080001e5   Thumb Code    30  rt_memclr.o(.text)
    __aeabi_memclr                           0x08000203   Thumb Code     4  rt_memclr.o(.text)
    __rt_memclr                              0x08000203   Thumb Code     0  rt_memclr.o(.text)
    __aeabi_memclr4                          0x08000207   Thumb Code     0  rt_memclr.o(.text)
    __aeabi_memclr8                          0x08000207   Thumb Code     0  rt_memclr.o(.text)
    __rt_memclr_w                            0x08000207   Thumb Code     4  rt_memclr.o(.text)
    __use_two_region_memory                  0x0800020b   Thumb Code     2  heapauxi.o(.text)
    __rt_heap_escrow$2region                 0x0800020d   Thumb Code     2  heapauxi.o(.text)
    __rt_heap_expand$2region                 0x0800020f   Thumb Code     2  heapauxi.o(.text)
    __user_libspace                          0x08000211   Thumb Code     8  libspace.o(.text)
    __user_perproc_libspace                  0x08000211   Thumb Code     0  libspace.o(.text)
    __user_perthread_libspace                0x08000211   Thumb Code     0  libspace.o(.text)
    __user_setup_stackheap                   0x08000219   Thumb Code    62  sys_stackheap_outer.o(.text)
    exit                                     0x08000257   Thumb Code    16  exit.o(.text)
    _sys_exit                                0x08000269   Thumb Code     8  sys_exit.o(.text)
    __I$use$semihosting                      0x08000275   Thumb Code     0  use_no_semi.o(.text)
    __use_no_semihosting_swi                 0x08000275   Thumb Code     2  use_no_semi.o(.text)
    __semihosting_library_function           0x08000277   Thumb Code     0  indicate_semi.o(.text)
    EXTI4_15_IRQHandler                      0x08000279   Thumb Code    36  main.o(.text.EXTI4_15_IRQHandler)
    HAL_Delay                                0x080002ad   Thumb Code    32  stm32f0xx_hal.o(.text.HAL_Delay)
    HAL_GPIO_Init                            0x080002d1   Thumb Code   384  stm32f0xx_hal_gpio.o(.text.HAL_GPIO_Init)
    HAL_GetTick                              0x08000461   Thumb Code     8  stm32f0xx_hal.o(.text.HAL_GetTick)
    HAL_I2CEx_ConfigAnalogFilter             0x08000469   Thumb Code    66  stm32f0xx_hal_i2c_ex.o(.text.HAL_I2CEx_ConfigAnalogFilter)
    HAL_I2CEx_ConfigDigitalFilter            0x080004ab   Thumb Code    66  stm32f0xx_hal_i2c_ex.o(.text.HAL_I2CEx_ConfigDigitalFilter)
    HAL_I2C_Init                             0x080004ed   Thumb Code   160  stm32f0xx_hal_i2c.o(.text.HAL_I2C_Init)
    HAL_I2C_Mem_Write                        0x08000595   Thumb Code   524  stm32f0xx_hal_i2c.o(.text.HAL_I2C_Mem_Write)
    HAL_I2C_MspInit                          0x080007b9   Thumb Code    84  stm32f0xx_hal_msp.o(.text.HAL_I2C_MspInit)
    HAL_IncTick                              0x08000819   Thumb Code    16  stm32f0xx_hal.o(.text.HAL_IncTick)
    HAL_Init                                 0x0800082d   Thumb Code    28  stm32f0xx_hal.o(.text.HAL_Init)
    HAL_InitTick                             0x08000849   Thumb Code    60  stm32f0xx_hal.o(.text.HAL_InitTick)
    HAL_MspInit                              0x08000889   Thumb Code    40  stm32f0xx_hal_msp.o(.text.HAL_MspInit)
    HAL_NVIC_SetPriority                     0x080008b5   Thumb Code    48  stm32f0xx_hal_cortex.o(.text.HAL_NVIC_SetPriority)
    HAL_RCCEx_PeriphCLKConfig                0x080008ed   Thumb Code   316  stm32f0xx_hal_rcc_ex.o(.text.HAL_RCCEx_PeriphCLKConfig)
    HAL_RCC_ClockConfig                      0x08000a35   Thumb Code   344  stm32f0xx_hal_rcc.o(.text.HAL_RCC_ClockConfig)
    HAL_RCC_OscConfig                        0x08000bb1   Thumb Code  1184  stm32f0xx_hal_rcc.o(.text.HAL_RCC_OscConfig)
    HAL_SYSTICK_Config                       0x08001059   Thumb Code    40  stm32f0xx_hal_cortex.o(.text.HAL_SYSTICK_Config)
    HardFault_Handler                        0x0800108d   Thumb Code     2  stm32f0xx_it.o(.text.HardFault_Handler)
    NMI_Handler                              0x0800141b   Thumb Code     2  stm32f0xx_it.o(.text.NMI_Handler)
    PendSV_Handler                           0x0800141d   Thumb Code     2  stm32f0xx_it.o(.text.PendSV_Handler)
    SVC_Handler                              0x0800141f   Thumb Code     2  stm32f0xx_it.o(.text.SVC_Handler)
    SysTick_Handler                          0x08001421   Thumb Code     8  stm32f0xx_it.o(.text.SysTick_Handler)
    SystemInit                               0x08001429   Thumb Code     2  system_stm32f0xx.o(.text.SystemInit)
    TIM2_IRQHandler                          0x0800142d   Thumb Code    36  main.o(.text.TIM2_IRQHandler)
    main                                     0x08001459   Thumb Code   940  main.o(.text.main)
    ssd1306_DrawCircle                       0x08001889   Thumb Code   512  ssd1306.o(.text.ssd1306_DrawCircle)
    ssd1306_Fill                             0x08001a89   Thumb Code    24  ssd1306.o(.text.ssd1306_Fill)
    ssd1306_FillCircle                       0x08001aa1   Thumb Code   552  ssd1306.o(.text.ssd1306_FillCircle)
    ssd1306_Init                             0x08001ccd   Thumb Code   660  ssd1306.o(.text.ssd1306_Init)
    ssd1306_SetCursor                        0x08001f69   Thumb Code     8  ssd1306.o(.text.ssd1306_SetCursor)
    ssd1306_UpdateScreen                     0x08001f75   Thumb Code   384  ssd1306.o(.text.ssd1306_UpdateScreen)
    ssd1306_WriteChar                        0x080020fd   Thumb Code   728  ssd1306.o(.text.ssd1306_WriteChar)
    ssd1306_WriteString                      0x080023dd   Thumb Code    62  ssd1306.o(.text.ssd1306_WriteString)
    __aeabi_uidiv                            0x0800241b   Thumb Code    68  aeabi_sdivfast.o(.text_divfast)
    __aeabi_idiv                             0x0800245f   Thumb Code   434  aeabi_sdivfast.o(.text_divfast)
    AHBPrescTable                            0x08002610   Data          16  system_stm32f0xx.o(.rodata.AHBPrescTable)
    Region$$Table$$Base                      0x08002c30   Number         0  anon$$obj.o(Region$$Table)
    Region$$Table$$Limit                     0x08002c50   Number         0  anon$$obj.o(Region$$Table)
    uwTickFreq                               0x20000000   Data           1  stm32f0xx_hal.o(.data..L_MergedGlobals)
    uwTickPrio                               0x20000004   Data           4  stm32f0xx_hal.o(.data..L_MergedGlobals)
    Font_6x8                                 0x20000008   Data           8  ssd1306_fonts.o(.data.Font_6x8)
    SystemCoreClock                          0x20000010   Data           4  system_stm32f0xx.o(.data.SystemCoreClock)
    red                                      0x20000014   Data           4  main.o(.data.red)
    __libspace_start                         0x20000018   Data          96  libspace.o(.bss)
    __temporary_stack_top$libspace           0x20000078   Data           0  libspace.o(.bss)
    gateStatus                               0x20000078   Data           4  main.o(.bss..L_MergedGlobals)
    parkingStatus                            0x2000007c   Data           4  main.o(.bss..L_MergedGlobals)
    ticks                                    0x20000080   Data           4  main.o(.bss..L_MergedGlobals)
    timer                                    0x20000084   Data           4  main.o(.bss..L_MergedGlobals)
    hi2c1                                    0x20000088   Data          84  main.o(.bss..L_MergedGlobals)
    uwTick                                   0x200002e4   Data           4  stm32f0xx_hal.o(.bss.uwTick)



==============================================================================

Memory Map of the image

  Image Entry point : 0x080000c1

  Load Region LR_IROM1 (Base: 0x08000000, Size: 0x00002c68, Max: 0x00020000, ABSOLUTE)

    Execution Region ER_IROM1 (Exec base: 0x08000000, Load base: 0x08000000, Size: 0x00002c50, Max: 0x00020000, ABSOLUTE)

    Exec Addr    Load Addr    Size         Type   Attr      Idx    E Section Name        Object

    0x08000000   0x08000000   0x000000c0   Data   RO            3    RESET               startup_stm32f072xb.o
    0x080000c0   0x080000c0   0x00000008   Code   RO          701  * !!!main             c_p.l(__main.o)
    0x080000c8   0x080000c8   0x00000054   Code   RO          934    !!!scatter          c_p.l(__scatter.o)
    0x0800011c   0x0800011c   0x0000001a   Code   RO          938    !!handler_copy      c_p.l(__scatter_copy.o)
    0x08000136   0x08000136   0x00000002   PAD
    0x08000138   0x08000138   0x00000002   Code   RO          935    !!handler_null      c_p.l(__scatter.o)
    0x0800013a   0x0800013a   0x00000002   PAD
    0x0800013c   0x0800013c   0x0000001c   Code   RO          940    !!handler_zi        c_p.l(__scatter_zi.o)
    0x08000158   0x08000158   0x00000002   Code   RO          798    .ARM.Collect$$libinit$$00000000  c_p.l(libinit.o)
    0x0800015a   0x0800015a   0x00000000   Code   RO          809    .ARM.Collect$$libinit$$00000002  c_p.l(libinit2.o)
    0x0800015a   0x0800015a   0x00000000   Code   RO          811    .ARM.Collect$$libinit$$00000004  c_p.l(libinit2.o)
    0x0800015a   0x0800015a   0x00000000   Code   RO          813    .ARM.Collect$$libinit$$00000006  c_p.l(libinit2.o)
    0x0800015a   0x0800015a   0x00000000   Code   RO          816    .ARM.Collect$$libinit$$0000000C  c_p.l(libinit2.o)
    0x0800015a   0x0800015a   0x00000000   Code   RO          818    .ARM.Collect$$libinit$$0000000E  c_p.l(libinit2.o)
    0x0800015a   0x0800015a   0x00000000   Code   RO          820    .ARM.Collect$$libinit$$00000010  c_p.l(libinit2.o)
    0x0800015a   0x0800015a   0x00000000   Code   RO          823    .ARM.Collect$$libinit$$00000013  c_p.l(libinit2.o)
    0x0800015a   0x0800015a   0x00000000   Code   RO          825    .ARM.Collect$$libinit$$00000015  c_p.l(libinit2.o)
    0x0800015a   0x0800015a   0x00000000   Code   RO          827    .ARM.Collect$$libinit$$00000017  c_p.l(libinit2.o)
    0x0800015a   0x0800015a   0x00000000   Code   RO          829    .ARM.Collect$$libinit$$00000019  c_p.l(libinit2.o)
    0x0800015a   0x0800015a   0x00000000   Code   RO          831    .ARM.Collect$$libinit$$0000001B  c_p.l(libinit2.o)
    0x0800015a   0x0800015a   0x00000000   Code   RO          833    .ARM.Collect$$libinit$$0000001D  c_p.l(libinit2.o)
    0x0800015a   0x0800015a   0x00000000   Code   RO          835    .ARM.Collect$$libinit$$0000001F  c_p.l(libinit2.o)
    0x0800015a   0x0800015a   0x00000000   Code   RO          837    .ARM.Collect$$libinit$$00000021  c_p.l(libinit2.o)
    0x0800015a   0x0800015a   0x00000000   Code   RO          839    .ARM.Collect$$libinit$$00000023  c_p.l(libinit2.o)
    0x0800015a   0x0800015a   0x00000000   Code   RO          841    .ARM.Collect$$libinit$$00000025  c_p.l(libinit2.o)
    0x0800015a   0x0800015a   0x00000000   Code   RO          843    .ARM.Collect$$libinit$$00000027  c_p.l(libinit2.o)
    0x0800015a   0x0800015a   0x00000000   Code   RO          847    .ARM.Collect$$libinit$$0000002E  c_p.l(libinit2.o)
    0x0800015a   0x0800015a   0x00000000   Code   RO          849    .ARM.Collect$$libinit$$00000030  c_p.l(libinit2.o)
    0x0800015a   0x0800015a   0x00000000   Code   RO          851    .ARM.Collect$$libinit$$00000032  c_p.l(libinit2.o)
    0x0800015a   0x0800015a   0x00000000   Code   RO          853    .ARM.Collect$$libinit$$00000034  c_p.l(libinit2.o)
    0x0800015a   0x0800015a   0x00000002   Code   RO          854    .ARM.Collect$$libinit$$00000035  c_p.l(libinit2.o)
    0x0800015c   0x0800015c   0x00000002   Code   RO          889    .ARM.Collect$$libshutdown$$00000000  c_p.l(libshutdown.o)
    0x0800015e   0x0800015e   0x00000000   Code   RO          917    .ARM.Collect$$libshutdown$$00000002  c_p.l(libshutdown2.o)
    0x0800015e   0x0800015e   0x00000000   Code   RO          919    .ARM.Collect$$libshutdown$$00000004  c_p.l(libshutdown2.o)
    0x0800015e   0x0800015e   0x00000000   Code   RO          922    .ARM.Collect$$libshutdown$$00000007  c_p.l(libshutdown2.o)
    0x0800015e   0x0800015e   0x00000000   Code   RO          925    .ARM.Collect$$libshutdown$$0000000A  c_p.l(libshutdown2.o)
    0x0800015e   0x0800015e   0x00000000   Code   RO          927    .ARM.Collect$$libshutdown$$0000000C  c_p.l(libshutdown2.o)
    0x0800015e   0x0800015e   0x00000000   Code   RO          930    .ARM.Collect$$libshutdown$$0000000F  c_p.l(libshutdown2.o)
    0x0800015e   0x0800015e   0x00000002   Code   RO          931    .ARM.Collect$$libshutdown$$00000010  c_p.l(libshutdown2.o)
    0x08000160   0x08000160   0x00000000   Code   RO          720    .ARM.Collect$$rtentry$$00000000  c_p.l(__rtentry.o)
    0x08000160   0x08000160   0x00000000   Code   RO          758    .ARM.Collect$$rtentry$$00000002  c_p.l(__rtentry2.o)
    0x08000160   0x08000160   0x00000006   Code   RO          770    .ARM.Collect$$rtentry$$00000004  c_p.l(__rtentry4.o)
    0x08000166   0x08000166   0x00000000   Code   RO          760    .ARM.Collect$$rtentry$$00000009  c_p.l(__rtentry2.o)
    0x08000166   0x08000166   0x00000004   Code   RO          761    .ARM.Collect$$rtentry$$0000000A  c_p.l(__rtentry2.o)
    0x0800016a   0x0800016a   0x00000000   Code   RO          763    .ARM.Collect$$rtentry$$0000000C  c_p.l(__rtentry2.o)
    0x0800016a   0x0800016a   0x00000008   Code   RO          764    .ARM.Collect$$rtentry$$0000000D  c_p.l(__rtentry2.o)
    0x08000172   0x08000172   0x00000002   Code   RO          800    .ARM.Collect$$rtexit$$00000000  c_p.l(rtexit.o)
    0x08000174   0x08000174   0x00000000   Code   RO          860    .ARM.Collect$$rtexit$$00000002  c_p.l(rtexit2.o)
    0x08000174   0x08000174   0x00000004   Code   RO          861    .ARM.Collect$$rtexit$$00000003  c_p.l(rtexit2.o)
    0x08000178   0x08000178   0x00000006   Code   RO          862    .ARM.Collect$$rtexit$$00000004  c_p.l(rtexit2.o)
    0x0800017e   0x0800017e   0x00000002   PAD
    0x08000180   0x08000180   0x00000038   Code   RO            4    .text               startup_stm32f072xb.o
    0x080001b8   0x080001b8   0x00000012   Code   RO          687    .text               c_p.l(aeabi_memset4.o)
    0x080001ca   0x080001ca   0x00000040   Code   RO          689    .text               c_p.l(rt_memclr.o)
    0x0800020a   0x0800020a   0x00000006   Code   RO          699    .text               c_p.l(heapauxi.o)
    0x08000210   0x08000210   0x00000008   Code   RO          781    .text               c_p.l(libspace.o)
    0x08000218   0x08000218   0x0000003e   Code   RO          784    .text               c_p.l(sys_stackheap_outer.o)
    0x08000256   0x08000256   0x00000010   Code   RO          787    .text               c_p.l(exit.o)
    0x08000266   0x08000266   0x00000002   PAD
    0x08000268   0x08000268   0x0000000c   Code   RO          855    .text               c_p.l(sys_exit.o)
    0x08000274   0x08000274   0x00000002   Code   RO          878    .text               c_p.l(use_no_semi.o)
    0x08000276   0x08000276   0x00000000   Code   RO          880    .text               c_p.l(indicate_semi.o)
    0x08000276   0x08000276   0x00000002   PAD
    0x08000278   0x08000278   0x00000034   Code   RO           19    .text.EXTI4_15_IRQHandler  main.o
    0x080002ac   0x080002ac   0x00000024   Code   RO          329    .text.HAL_Delay     stm32f0xx_hal.o
    0x080002d0   0x080002d0   0x00000190   Code   RO          365    .text.HAL_GPIO_Init  stm32f0xx_hal_gpio.o
    0x08000460   0x08000460   0x00000008   Code   RO          321    .text.HAL_GetTick   stm32f0xx_hal.o
    0x08000468   0x08000468   0x00000042   Code   RO          222    .text.HAL_I2CEx_ConfigAnalogFilter  stm32f0xx_hal_i2c_ex.o
    0x080004aa   0x080004aa   0x00000042   Code   RO          224    .text.HAL_I2CEx_ConfigDigitalFilter  stm32f0xx_hal_i2c_ex.o
    0x080004ec   0x080004ec   0x000000a8   Code   RO           68    .text.HAL_I2C_Init  stm32f0xx_hal_i2c.o
    0x08000594   0x08000594   0x00000224   Code   RO          128    .text.HAL_I2C_Mem_Write  stm32f0xx_hal_i2c.o
    0x080007b8   0x080007b8   0x00000060   Code   RO           56    .text.HAL_I2C_MspInit  stm32f0xx_hal_msp.o
    0x08000818   0x08000818   0x00000014   Code   RO          319    .text.HAL_IncTick   stm32f0xx_hal.o
    0x0800082c   0x0800082c   0x0000001c   Code   RO          309    .text.HAL_Init      stm32f0xx_hal.o
    0x08000848   0x08000848   0x00000040   Code   RO          311    .text.HAL_InitTick  stm32f0xx_hal.o
    0x08000888   0x08000888   0x0000002c   Code   RO           54    .text.HAL_MspInit   stm32f0xx_hal_msp.o
    0x080008b4   0x080008b4   0x00000038   Code   RO          421    .text.HAL_NVIC_SetPriority  stm32f0xx_hal_cortex.o
    0x080008ec   0x080008ec   0x00000148   Code   RO          277    .text.HAL_RCCEx_PeriphCLKConfig  stm32f0xx_hal_rcc_ex.o
    0x08000a34   0x08000a34   0x0000017c   Code   RO          246    .text.HAL_RCC_ClockConfig  stm32f0xx_hal_rcc.o
    0x08000bb0   0x08000bb0   0x000004a8   Code   RO          244    .text.HAL_RCC_OscConfig  stm32f0xx_hal_rcc.o
    0x08001058   0x08001058   0x00000034   Code   RO          429    .text.HAL_SYSTICK_Config  stm32f0xx_hal_cortex.o
    0x0800108c   0x0800108c   0x00000002   Code   RO           39    .text.HardFault_Handler  stm32f0xx_it.o
    0x0800108e   0x0800108e   0x00000002   PAD
    0x08001090   0x08001090   0x00000180   Code   RO          212    .text.I2C_IsErrorOccurred  stm32f0xx_hal_i2c.o
    0x08001210   0x08001210   0x000000de   Code   RO           78    .text.I2C_WaitOnFlagUntilTimeout  stm32f0xx_hal_i2c.o
    0x080012ee   0x080012ee   0x00000086   Code   RO           82    .text.I2C_WaitOnSTOPFlagUntilTimeout  stm32f0xx_hal_i2c.o
    0x08001374   0x08001374   0x000000a6   Code   RO           80    .text.I2C_WaitOnTXISFlagUntilTimeout  stm32f0xx_hal_i2c.o
    0x0800141a   0x0800141a   0x00000002   Code   RO           37    .text.NMI_Handler   stm32f0xx_it.o
    0x0800141c   0x0800141c   0x00000002   Code   RO           43    .text.PendSV_Handler  stm32f0xx_it.o
    0x0800141e   0x0800141e   0x00000002   Code   RO           41    .text.SVC_Handler   stm32f0xx_it.o
    0x08001420   0x08001420   0x00000008   Code   RO           45    .text.SysTick_Handler  stm32f0xx_it.o
    0x08001428   0x08001428   0x00000002   Code   RO          594    .text.SystemInit    system_stm32f0xx.o
    0x0800142a   0x0800142a   0x00000002   PAD
    0x0800142c   0x0800142c   0x0000002c   Code   RO           17    .text.TIM2_IRQHandler  main.o
    0x08001458   0x08001458   0x00000430   Code   RO           11    .text.main          main.o
    0x08001888   0x08001888   0x00000200   Code   RO          643    .text.ssd1306_DrawCircle  ssd1306.o
    0x08001a88   0x08001a88   0x00000018   Code   RO          623    .text.ssd1306_Fill  ssd1306.o
    0x08001aa0   0x08001aa0   0x0000022c   Code   RO          645    .text.ssd1306_FillCircle  ssd1306.o
    0x08001ccc   0x08001ccc   0x0000029c   Code   RO          617    .text.ssd1306_Init  ssd1306.o
    0x08001f68   0x08001f68   0x0000000c   Code   RO          633    .text.ssd1306_SetCursor  ssd1306.o
    0x08001f74   0x08001f74   0x00000188   Code   RO          625    .text.ssd1306_UpdateScreen  ssd1306.o
    0x080020fc   0x080020fc   0x000002e0   Code   RO          629    .text.ssd1306_WriteChar  ssd1306.o
    0x080023dc   0x080023dc   0x0000003e   Code   RO          631    .text.ssd1306_WriteString  ssd1306.o
    0x0800241a   0x0800241a   0x000001f6   Code   RO          692    .text_divfast       c_p.l(aeabi_sdivfast.o)
    0x08002610   0x08002610   0x00000010   Data   RO          599    .rodata.AHBPrescTable  system_stm32f0xx.o
    0x08002620   0x08002620   0x000005f0   Data   RO          665    .rodata.Font6x8     ssd1306_fonts.o
    0x08002c10   0x08002c10   0x00000020   Data   RO          268    .rodata.cst16       stm32f0xx_hal_rcc.o
    0x08002c30   0x08002c30   0x00000020   Data   RO          933    Region$$Table       anon$$obj.o


    Execution Region RW_IRAM1 (Exec base: 0x20000000, Load base: 0x08002c50, Size: 0x000008e8, Max: 0x00004000, ABSOLUTE)

    Exec Addr    Load Addr    Size         Type   Attr      Idx    E Section Name        Object

    0x20000000   0x08002c50   0x00000008   Data   RW          356    .data..L_MergedGlobals  stm32f0xx_hal.o
    0x20000008   0x08002c58   0x00000008   Data   RW          666    .data.Font_6x8      ssd1306_fonts.o
    0x20000010   0x08002c60   0x00000004   Data   RW          598    .data.SystemCoreClock  system_stm32f0xx.o
    0x20000014   0x08002c64   0x00000004   Data   RW           21    .data.red           main.o
    0x20000018        -       0x00000060   Zero   RW          782    .bss                c_p.l(libspace.o)
    0x20000078        -       0x00000064   Zero   RW           28    .bss..L_MergedGlobals  main.o
    0x200000dc        -       0x00000006   Zero   RW          656    .bss..L_MergedGlobals  ssd1306.o
    0x200000e2   0x08002c68   0x00000002   PAD
    0x200000e4        -       0x00000200   Zero   RW          655    .bss.SSD1306_Buffer  ssd1306.o
    0x200002e4        -       0x00000004   Zero   RW          355    .bss.uwTick         stm32f0xx_hal.o
    0x200002e8        -       0x00000200   Zero   RW            2    HEAP                startup_stm32f072xb.o
    0x200004e8        -       0x00000400   Zero   RW            1    STACK               startup_stm32f072xb.o


==============================================================================

Image component sizes


      Code (inc. data)   RO Data    RW Data    ZI Data      Debug   Object Name

      1168        156          0          4        100      10722   main.o
      2962         32          0          0        518      24331   ssd1306.o
         0          0       1520          8          0       1031   ssd1306_fonts.o
        56         26        192          0       1536        624   startup_stm32f072xb.o
       156         12          0          8          4       5386   stm32f0xx_hal.o
       108         20          0          0          0       5542   stm32f0xx_hal_cortex.o
       400         16          0          0          0       4957   stm32f0xx_hal_gpio.o
      1622         36          0          0          0      63009   stm32f0xx_hal_i2c.o
       132          0          0          0          0       5328   stm32f0xx_hal_i2c_ex.o
       140         16          0          0          0       4944   stm32f0xx_hal_msp.o
      1572         48         32          0          0       8341   stm32f0xx_hal_rcc.o
       328         12          0          0          0       6678   stm32f0xx_hal_rcc_ex.o
        16          0          0          0          0        708   stm32f0xx_it.o
         2          0         16          4          0       1708   system_stm32f0xx.o

    ----------------------------------------------------------------------
      8666        374       1792         24       2160     143309   Object Totals
         0          0         32          0          0          0   (incl. Generated)
         4          0          0          0          2          0   (incl. Padding)

    ----------------------------------------------------------------------

      Code (inc. data)   RO Data    RW Data    ZI Data      Debug   Library Member Name

         8          0          0          0          0         68   __main.o
         0          0          0          0          0          0   __rtentry.o
        12          0          0          0          0          0   __rtentry2.o
         6          0          0          0          0          0   __rtentry4.o
        86         10          0          0          0          0   __scatter.o
        26          0          0          0          0          0   __scatter_copy.o
        28          0          0          0          0          0   __scatter_zi.o
        18          0          0          0          0         68   aeabi_memset4.o
       502          0          0          0          0         92   aeabi_sdivfast.o
        16          0          0          0          0         68   exit.o
         6          0          0          0          0        136   heapauxi.o
         0          0          0          0          0          0   indicate_semi.o
         2          0          0          0          0          0   libinit.o
         2          0          0          0          0          0   libinit2.o
         2          0          0          0          0          0   libshutdown.o
         2          0          0          0          0          0   libshutdown2.o
         8          4          0          0         96         68   libspace.o
        64          0          0          0          0        108   rt_memclr.o
         2          0          0          0          0          0   rtexit.o
        10          0          0          0          0          0   rtexit2.o
        12          4          0          0          0         60   sys_exit.o
        62          0          0          0          0         80   sys_stackheap_outer.o
         2          0          0          0          0         68   use_no_semi.o

    ----------------------------------------------------------------------
       886         18          0          0         96        816   Library Totals
        10          0          0          0          0          0   (incl. Padding)

    ----------------------------------------------------------------------

      Code (inc. data)   RO Data    RW Data    ZI Data      Debug   Library Name

       876         18          0          0         96        816   c_p.l

    ----------------------------------------------------------------------
       886         18          0          0         96        816   Library Totals

    ----------------------------------------------------------------------

==============================================================================


      Code (inc. data)   RO Data    RW Data    ZI Data      Debug   

      9552        392       1792         24       2256     143741   Grand Totals
      9552        392       1792         24       2256     143741   ELF Image Totals
      9552        392       1792         24          0          0   ROM Totals

==============================================================================

    Total RO  Size (Code + RO Data)                11344 (  11.08kB)
    Total RW  Size (RW Data + ZI Data)              2280 (   2.23kB)
    Total ROM Size (Code + RO Data + RW Data)      11368 (  11.10kB)

==============================================================================

